BOOT kws+ctrl
MFCC frame=1 -72 39 18 1 -5 -9 -9 -8 -6 -3
MFCCF frame=1 -36.010799 19.306719 8.938519 0.481891 -2.527181 -4.397410 -4.558258 -4.151335 -2.917941 -1.749325
PROF frame=1 mfcc_cycles=0
MFCC frame=2 -72 38 15 -6 -11 -12 -11 -7 -2 1
MFCCF frame=2 -36.112705 18.846134 7.352402 -2.789433 -5.312422 -5.839737 -5.293363 -3.284130 -1.205156 0.314244
PROF frame=2 mfcc_cycles=0
MFCC frame=3 -71 36 8 -11 -15 -14 -8 -3 2 4
MFCCF frame=3 -35.659168 17.806261 4.156140 -5.361664 -7.512866 -6.786472 -4.125693 -1.708837 1.166874 1.838153
PROF frame=3 mfcc_cycles=0
MFCC frame=4 -70 33 4 -16 -17 -12 -4 2 5 5
MFCCF frame=4 -35.062134 16.723751 2.197559 -7.756172 -8.403831 -5.822365 -1.970728 1.229606 2.718356 2.597959
PROF frame=4 mfcc_cycles=0
MFCC frame=5 -70 31 -1 -20 -17 -8 1 6 6 3
MFCCF frame=5 -35.074722 15.598095 -0.501599 -9.793210 -8.393844 -4.236325 0.467803 3.216417 3.248523 1.424858
PROF frame=5 mfcc_cycles=0
MFCC frame=6 -71 29 -6 -23 -15 -4 6 8 5 -1
MFCCF frame=6 -35.366295 14.501320 -2.886324 -11.273498 -7.586967 -2.079027 2.875451 4.154819 2.253577 -0.455413
PROF frame=6 mfcc_cycles=0
MFCC frame=7 -72 25 -11 -25 -13 1 8 8 1 -5
MFCCF frame=7 -35.762821 12.646129 -5.382624 -12.537600 -6.437036 0.269251 4.208180 3.771160 0.271396 -2.266221
PROF frame=7 mfcc_cycles=0
MFCC frame=8 -72 23 -15 -25 -9 6 10 5 -3 -6
MFCCF frame=8 -35.880562 11.633037 -7.271148 -12.492864 -4.541996 2.889128 5.029679 2.462350 -1.559695 -3.173573
PROF frame=8 mfcc_cycles=0
MFCC frame=9 -73 20 -18 -25 -5 9 10 1 -6 -6
MFCCF frame=9 -36.537086 9.995792 -9.228933 -12.651454 -2.350067 4.550704 4.787603 0.457118 -3.140924 -2.755267
PROF frame=9 mfcc_cycles=0
MFCC frame=10 -74 17 -23 -24 -1 11 7 -3 -8 -3
MFCCF frame=10 -37.148941 8.649585 -11.260917 -11.796652 -0.303000 5.719530 3.742627 -1.684179 -3.854061 -1.398577
PROF frame=10 mfcc_cycles=0
MFCC frame=11 -74 15 -24 -21 4 13 5 -7 -7 1
MFCCF frame=11 -37.081470 7.530201 -12.152889 -10.635707 2.243871 6.400409 2.273225 -3.420018 -3.283286 0.324699
PROF frame=11 mfcc_cycles=0
MFCC frame=12 -77 11 -28 -20 8 12 0 -9 -5 4
MFCCF frame=12 -38.377354 5.400627 -13.947588 -9.879507 3.921900 6.076379 0.056638 -4.363290 -2.365572 2.157410
PROF frame=12 mfcc_cycles=0
MFCC frame=13 -77 9 -29 -16 11 11 -4 -9 -2 7
MFCCF frame=13 -38.616791 4.319543 -14.737150 -7.969335 5.556220 5.742823 -2.024967 -4.414217 -0.771640 3.333464
PROF frame=13 mfcc_cycles=0
MFCC frame=14 -78 7 -30 -13 15 9 -7 -8 3 6
MFCCF frame=14 -38.983673 3.293384 -15.174212 -6.262827 7.273304 4.386863 -3.429794 -4.090723 1.370113 3.164625
PROF frame=14 mfcc_cycles=0
MFCC frame=15 -80 2 -32 -10 16 5 -10 -6 5 5
MFCCF frame=15 -40.033318 1.116160 -16.133904 -4.926241 7.931787 2.731440 -4.863139 -2.898260 2.744747 2.619791
PROF frame=15 mfcc_cycles=0
MFCC frame=16 -80 2 -32 -5 18 2 -11 -3 8 2
MFCCF frame=16 -39.823685 1.029018 -15.795712 -2.543871 8.897058 1.024162 -5.385916 -1.455537 3.850624 1.185851
PROF frame=16 mfcc_cycles=0
MFCC frame=17 -81 -1 -32 -2 18 -2 -11 1 8 -1
MFCCF frame=17 -40.522221 -0.649176 -16.090189 -0.846288 8.878255 -0.752908 -5.593369 0.250662 4.112881 -0.498648
PROF frame=17 mfcc_cycles=0
MFCC frame=18 -83 -4 -33 1 17 -6 -10 3 7 -4
MFCCF frame=18 -41.565826 -2.202297 -16.365858 0.585452 8.549501 -2.761087 -5.234209 1.718574 3.731228 -2.129746
PROF frame=18 mfcc_cycles=0
MFCC frame=19 -83 -5 -31 6 16 -8 -9 7 5 -6
MFCCF frame=19 -41.309219 -2.400290 -15.598882 2.899076 8.172049 -3.926539 -4.478033 3.428699 2.501924 -2.983378
PROF frame=19 mfcc_cycles=0
MFCC frame=20 -85 -8 -32 8 14 -11 -7 8 2 -7
MFCCF frame=20 -42.529881 -3.984879 -15.807509 4.186792 6.949624 -5.404223 -3.394902 4.181582 1.148657 -3.743331
PROF frame=20 mfcc_cycles=0
MFCC frame=21 -85 -9 -30 12 13 -13 -3 10 -1 -7
MFCCF frame=21 -42.424561 -4.573387 -14.794424 5.796430 6.336281 -6.291343 -1.649097 4.826788 -0.327716 -3.526480
PROF frame=21 mfcc_cycles=0
MFCC frame=22 -86 -12 -29 14 10 -14 0 9 -4 -6
MFCCF frame=22 -43.203022 -5.870267 -14.377275 6.872950 4.940388 -7.077038 -0.246634 4.732567 -2.041718 -2.820991
PROF frame=22 mfcc_cycles=0
MFCC frame=23 -87 -13 -27 16 7 -15 2 8 -6 -3
MFCCF frame=23 -43.683784 -6.320159 -13.722619 8.205456 3.459382 -7.336402 1.244520 4.229713 -3.121975 -1.658226
PROF frame=23 mfcc_cycles=0
MFCC frame=24 -89 -15 -26 18 4 -15 6 6 -8 -1
MFCCF frame=24 -44.628002 -7.727451 -13.149887 8.934066 2.084743 -7.483298 2.842305 3.064314 -3.905961 -0.571930
PROF frame=24 mfcc_cycles=0
MFCC frame=25 -89 -16 -24 20 1 -14 8 4 -8 2
MFCCF frame=25 -44.627773 -8.066080 -12.021370 9.844446 0.698946 -7.053931 4.117743 1.820631 -4.209475 0.792671
PROF frame=25 mfcc_cycles=0
MFCC frame=26 -91 -18 -23 21 -2 -13 10 1 -8 4
MFCCF frame=26 -45.529408 -8.950815 -11.366638 10.557960 -0.793192 -6.329417 5.107553 0.591037 -4.120792 2.237681
PROF frame=26 mfcc_cycles=0
MFCC frame=27 -91 -18 -20 22 -5 -11 11 -2 -8 6
MFCCF frame=27 -45.445034 -9.011636 -10.143714 11.128228 -2.339341 -5.477111 5.458284 -0.940221 -3.826853 3.056488
PROF frame=27 mfcc_cycles=0
MFCC frame=28 -92 -21 -18 22 -7 -9 12 -4 -5 8
MFCCF frame=28 -46.215919 -10.292318 -9.197742 11.171015 -3.658066 -4.588098 6.069993 -1.977006 -2.449115 3.978404
PROF frame=28 mfcc_cycles=0
MFCC frame=29 -92 -21 -16 23 -9 -7 12 -7 -3 7
MFCCF frame=29 -46.053307 -10.353725 -7.934157 11.309273 -4.742836 -3.382042 5.906379 -3.490730 -1.705016 3.394605
PROF frame=29 mfcc_cycles=0
MFCC frame=30 -93 -22 -15 22 -12 -4 11 -8 0 7
MFCCF frame=30 -46.655022 -11.014297 -7.291031 11.103153 -6.175436 -1.986747 5.744998 -4.019800 -0.076784 3.449909
PROF frame=30 mfcc_cycles=0
MFCC frame=31 -94 -23 -13 22 -14 -2 10 -10 2 5
MFCCF frame=31 -47.236263 -11.578302 -6.391100 10.758099 -7.143423 -0.807518 5.044515 -4.901758 1.168249 2.421074
PROF frame=31 mfcc_cycles=0
MFCC frame=32 -96 -24 -10 21 -15 1 9 -10 5 2
MFCCF frame=32 -47.772030 -12.234818 -5.078026 10.675671 -7.682532 0.731308 4.611252 -5.103102 2.275190 1.096452
PROF frame=32 mfcc_cycles=0
MFCC frame=33 -96 -25 -9 20 -17 4 6 -11 6 1
MFCCF frame=33 -48.074409 -12.432487 -4.466285 9.983178 -8.653522 1.883590 3.150676 -5.426919 3.089021 0.358921
PROF frame=33 mfcc_cycles=0
MFCC frame=34 -98 -27 -7 20 -17 8 5 -9 8 -1
MFCCF frame=34 -49.122662 -13.375998 -3.377738 9.779854 -8.386196 3.820116 2.738793 -4.706316 4.166477 -0.727895
PROF frame=34 mfcc_cycles=0
MFCC frame=35 -98 -26 -4 18 -18 9 1 -10 8 -4
MFCCF frame=35 -48.775345 -13.151154 -2.240626 9.124204 -9.174089 4.269255 0.630091 -4.808671 4.223866 -1.897138
PROF frame=35 mfcc_cycles=0
MFCC frame=36 -97 -26 -2 16 -19 10 -1 -8 8 -7
MFCCF frame=36 -48.730530 -13.182459 -1.016104 8.129493 -9.533124 4.819829 -0.476366 -3.866735 4.235518 -3.283745
PROF frame=36 mfcc_cycles=0
MFCC frame=37 -99 -28 -2 14 -19 13 -2 -5 8 -8
MFCCF frame=37 -49.573097 -14.168761 -0.940408 6.974597 -9.400235 6.468913 -1.170205 -2.709467 4.151866 -3.812652
PROF frame=37 mfcc_cycles=0
MFCC frame=38 -101 -29 0 13 -19 13 -6 -3 8 -8
MFCCF frame=38 -50.404987 -14.457682 0.212551 6.402119 -9.424047 6.324920 -2.780417 -1.298282 4.057358 -4.092821
PROF frame=38 mfcc_cycles=0
MFCC frame=39 -100 -29 3 12 -17 14 -7 0 7 -8
MFCCF frame=39 -50.112347 -14.262943 1.492381 5.906121 -8.714189 7.226486 -3.634583 -0.195879 3.469704 -3.758698
PROF frame=39 mfcc_cycles=0
MFCC frame=40 -101 -28 4 10 -17 16 -9 2 4 -7
MFCCF frame=40 -50.353924 -14.219330 2.096011 4.757953 -8.592405 7.860534 -4.258841 1.124721 2.202783 -3.658180
PROF frame=40 mfcc_cycles=0
MFCC frame=41 -102 -29 6 8 -16 15 -10 5 3 -6
MFCCF frame=41 -50.784176 -14.497290 2.925491 3.770440 -8.012987 7.516989 -5.127996 2.274348 1.468565 -2.807219
PROF frame=41 mfcc_cycles=0
MFCC frame=42 -102 -30 7 6 -14 15 -12 6 0 -5
MFCCF frame=42 -50.958565 -14.832459 3.596665 3.228874 -7.112497 7.462636 -6.160503 3.165856 -0.046157 -2.738573
PROF frame=42 mfcc_cycles=0
MFCC frame=43 -104 -30 9 4 -13 14 -13 8 -2 -3
MFCCF frame=43 -52.017586 -15.177870 4.348047 1.998645 -6.716401 7.029292 -6.490214 3.955654 -0.844506 -1.271785
PROF frame=43 mfcc_cycles=0
MFCC frame=44 -102 -29 10 2 -11 13 -14 9 -4 0
MFCCF frame=44 -51.130024 -14.726266 4.819139 1.117023 -5.534235 6.591062 -7.179089 4.593433 -1.815570 -0.237927
PROF frame=44 mfcc_cycles=0
MFCC frame=45 -104 -31 11 0 -10 13 -14 9 -7 1
MFCCF frame=45 -52.176258 -15.510397 5.344346 0.055632 -4.951757 6.314834 -7.013474 4.715307 -3.609831 0.408803
PROF frame=45 mfcc_cycles=0
MFCC frame=46 -106 -31 13 -1 -7 12 -14 10 -8 4
MFCCF frame=46 -52.750824 -15.281793 6.303372 -0.283539 -3.496604 5.950143 -6.902559 4.757594 -4.151450 1.886435
PROF frame=46 mfcc_cycles=0
MFCC frame=47 -104 -30 13 -3 -7 10 -12 12 -8 6
MFCCF frame=47 -52.062859 -14.889950 6.612482 -1.612848 -3.259418 5.179535 -5.794599 6.203413 -4.118433 3.187578
PROF frame=47 mfcc_cycles=0
MFCC frame=48 -107 -32 14 -4 -3 9 -13 11 -10 7
MFCCF frame=48 -53.629795 -16.047882 6.772135 -1.927199 -1.545175 4.429400 -6.321906 5.404888 -4.959898 3.405981
PROF frame=48 mfcc_cycles=0
MFCC frame=49 -106 -30 15 -6 -2 7 -11 11 -10 9
MFCCF frame=49 -52.979813 -14.993591 7.294873 -3.098067 -1.192172 3.407928 -5.304716 5.365447 -5.005285 4.271558
PROF frame=49 mfcc_cycles=0
RESULT infer=1 label=2 score=95 cycles=0
[infer 1] frame=49 t=980ms top1=yes (223) top2=up (10) cycles=0
GOLDEN infer=1 frame=49 logits=-9,-24,26,-23,-5,-16,-15,-26,-24,-48,-19,-46 probs=-121,-126,95,-126,-118,-125,-124,-127,-126,-128,-126,-128 cksum=d50cbfeb,936e1f28,71656b74,848f9d6f,31f00db2,d6edeefc,171c2267,0f73d232,499e4c3c,16db93c8,11a683ec
LAYERS infer=1 conv1=0 dw1=0 pw1=0 dw2=0 pw2=0 dw3=0 pw3=0 dw4=0 pw4=0 avgpool=0 fc=0
CTRL ticks=1000 max_latency_cycles=0 avg_latency_cycles=0 seq_cksum=f43e7aa3 last_y=1000 last_u=1018
RUN frames=50 inferences=1 total_cycles=100000000 deadline_us=100000 deadline_miss=0 max_infer_cycles=0 overruns=0
