BOOT kws+ctrl
MFCC frame=1 35 -7 0 -1 -1 -1 0 -1 -1 -1
MFCCF frame=1 17.688873 -3.468501 0.135270 -0.464169 -0.697940 -0.354467 0.212893 -0.470072 -0.680487 -0.332799
PROF frame=1 mfcc_cycles=0
MFCC frame=2 33 -8 -2 -1 1 0 1 1 0 1
MFCCF frame=2 16.447180 -4.126893 -0.946354 -0.404473 0.495752 -0.114635 0.481479 0.253712 0.084081 0.528477
PROF frame=2 mfcc_cycles=0
MFCC frame=3 33 -7 1 -1 -1 0 0 1 0 -2
MFCCF frame=3 16.577332 -3.629577 0.282178 -0.427882 -0.349768 0.032453 -0.103593 0.343839 -0.079409 -0.801795
PROF frame=3 mfcc_cycles=0
MFCC frame=4 35 -7 1 0 1 1 2 1 -1 -2
MFCCF frame=4 17.420176 -3.524141 0.361226 -0.040791 0.537551 0.708739 0.901455 0.279635 -0.686745 -0.960177
PROF frame=4 mfcc_cycles=0
MFCC frame=5 32 -8 0 -1 0 1 0 -1 0 0
MFCCF frame=5 16.085217 -3.922360 -0.172061 -0.662654 -0.231225 0.314341 -0.155012 -0.370579 -0.239241 0.083139
PROF frame=5 mfcc_cycles=0
MFCC frame=6 36 -8 0 -1 -1 0 1 0 1 -1
MFCCF frame=6 17.793642 -3.762895 -0.116985 -0.519378 -0.280340 0.028912 0.550539 0.024056 0.265898 -0.507072
PROF frame=6 mfcc_cycles=0
MFCC frame=7 36 -7 1 -1 0 0 -1 0 0 0
MFCCF frame=7 18.163754 -3.387025 0.319264 -0.581377 -0.209964 -0.194857 -0.398692 -0.164965 -0.142379 -0.116467
PROF frame=7 mfcc_cycles=0
MFCC frame=8 35 -7 -2 -1 0 -1 0 0 0 -1
MFCCF frame=8 17.366375 -3.305624 -0.774668 -0.506652 -0.111847 -0.661290 -0.216198 -0.238653 -0.197668 -0.547865
PROF frame=8 mfcc_cycles=0
MFCC frame=9 34 -7 0 -2 -1 0 1 0 0 -1
MFCCF frame=9 17.109987 -3.741871 -0.072795 -0.809204 -0.577885 0.145748 0.635481 -0.003757 -0.104529 -0.408430
PROF frame=9 mfcc_cycles=0
MFCC frame=10 35 -7 0 -1 -1 0 1 0 0 0
MFCCF frame=10 17.649227 -3.648656 -0.131371 -0.342194 -0.290463 0.148204 0.386837 0.185382 -0.098494 -0.014255
PROF frame=10 mfcc_cycles=0
MFCC frame=11 33 -9 0 -1 -1 0 0 0 1 0
MFCCF frame=11 16.510693 -4.440540 -0.216031 -0.432291 -0.687259 -0.079534 0.108627 -0.199349 0.280687 -0.194119
PROF frame=11 mfcc_cycles=0
MFCC frame=12 36 -6 0 -1 1 0 1 0 1 0
MFCCF frame=12 17.761505 -3.145859 0.041047 -0.350266 0.386811 0.042915 0.397872 0.076568 0.622775 -0.100991
PROF frame=12 mfcc_cycles=0
MFCC frame=13 33 -6 -1 -1 0 -1 0 0 1 0
MFCCF frame=13 16.417679 -2.986175 -0.519361 -0.491274 0.102459 -0.454195 -0.030824 0.030307 0.289029 -0.112188
PROF frame=13 mfcc_cycles=0
MFCC frame=14 36 -7 -1 -2 0 0 1 1 0 0
MFCCF frame=14 17.898666 -3.681416 -0.747873 -0.920577 0.133668 0.101804 0.717312 0.488221 -0.177270 0.085475
PROF frame=14 mfcc_cycles=0
MFCC frame=15 34 -7 0 -1 -1 0 0 1 3 0
MFCCF frame=15 17.124605 -3.390050 0.125587 -0.616981 -0.259243 -0.211309 -0.115378 0.585639 1.293071 0.185387
PROF frame=15 mfcc_cycles=0
MFCC frame=16 34 -8 0 -1 0 -1 -1 0 -1 0
MFCCF frame=16 16.927441 -3.766084 0.145275 -0.731903 -0.089176 -0.467993 -0.393173 -0.008647 -0.486615 0.000229
PROF frame=16 mfcc_cycles=0
MFCC frame=17 36 -8 -1 -1 1 -1 0 -1 -1 0
MFCCF frame=17 18.027063 -3.877566 -0.318985 -0.330213 0.269807 -0.306294 -0.228944 -0.491329 -0.285300 0.015609
PROF frame=17 mfcc_cycles=0
MFCC frame=18 35 -7 -2 0 1 1 1 0 1 0
MFCCF frame=18 17.706192 -3.695379 -0.951113 0.039054 0.577832 0.635936 0.673199 0.035100 0.380069 0.128021
PROF frame=18 mfcc_cycles=0
MFCC frame=19 33 -7 1 -1 0 2 2 0 0 0
MFCCF frame=19 16.507544 -3.725733 0.293630 -0.334411 -0.181317 0.775513 0.839144 0.088744 -0.174539 -0.060575
PROF frame=19 mfcc_cycles=0
MFCC frame=20 34 -7 -1 -2 0 0 1 -1 -2 0
MFCCF frame=20 17.055737 -3.266464 -0.363920 -0.906454 -0.126437 -0.050304 0.592402 -0.511172 -1.037292 0.049773
PROF frame=20 mfcc_cycles=0
MFCC frame=21 34 -6 0 -1 0 -1 -1 0 1 1
MFCCF frame=21 17.236294 -3.115093 0.005157 -0.615497 0.166739 -0.254105 -0.395606 -0.199736 0.527299 0.673667
PROF frame=21 mfcc_cycles=0
MFCC frame=22 34 -8 -1 -1 0 0 0 -1 0 2
MFCCF frame=22 17.215536 -3.967505 -0.391036 -0.640236 -0.061224 0.240652 0.119403 -0.553632 0.203451 0.885418
PROF frame=22 mfcc_cycles=0
MFCC frame=23 35 -8 0 -1 0 0 0 -1 -1 -1
MFCCF frame=23 17.684347 -3.798231 -0.117867 -0.358542 0.131171 -0.220191 0.158213 -0.485347 -0.745080 -0.712038
PROF frame=23 mfcc_cycles=0
MFCC frame=24 34 -6 1 -1 2 0 1 1 -2 -2
MFCCF frame=24 17.083555 -3.076464 0.310291 -0.569883 0.931529 -0.184809 0.590264 0.351845 -1.142212 -0.842678
PROF frame=24 mfcc_cycles=0
MFCC frame=25 35 -6 2 -1 0 1 0 0 0 0
MFCCF frame=25 17.724710 -2.860017 0.841396 -0.385994 -0.082674 0.356341 0.092674 -0.101882 0.135328 0.040079
PROF frame=25 mfcc_cycles=0
MFCC frame=26 36 -6 1 0 0 0 2 -1 0 -1
MFCCF frame=26 18.071846 -3.014635 0.264761 0.155375 -0.193688 -0.110384 0.784948 -0.350784 -0.188729 -0.306719
PROF frame=26 mfcc_cycles=0
MFCC frame=27 37 -6 1 -1 -1 1 1 1 1 0
MFCCF frame=27 18.463699 -2.877868 0.504155 -0.390534 -0.429229 0.530352 0.259557 0.294040 0.319382 0.073664
PROF frame=27 mfcc_cycles=0
MFCC frame=28 34 -9 0 -2 0 -1 0 -1 -1 -1
MFCCF frame=28 16.927683 -4.390253 -0.077468 -1.064434 0.022263 -0.378328 -0.193913 -0.335989 -0.359156 -0.567302
PROF frame=28 mfcc_cycles=0
MFCC frame=29 36 -6 1 1 0 0 1 1 0 1
MFCCF frame=29 17.778046 -3.193906 0.251759 0.252500 -0.182938 -0.216965 0.280209 0.380992 -0.031848 0.463742
PROF frame=29 mfcc_cycles=0
MFCC frame=30 35 -7 1 -1 1 0 0 -1 -1 1
MFCCF frame=30 17.658890 -3.344162 0.298934 -0.640583 0.378409 0.135501 0.082226 -0.730471 -0.464172 0.567922
PROF frame=30 mfcc_cycles=0
MFCC frame=31 37 -6 2 0 0 -1 0 -1 -2 0
MFCCF frame=31 18.339739 -2.795916 0.945884 -0.161432 -0.131525 -0.727051 0.082622 -0.521410 -0.831575 -0.111389
PROF frame=31 mfcc_cycles=0
MFCC frame=32 33 -8 0 -1 0 -1 1 -1 0 1
MFCCF frame=32 16.739197 -3.841444 -0.166944 -0.603384 -0.015257 -0.414496 0.295968 -0.300705 -0.204347 0.628639
PROF frame=32 mfcc_cycles=0
MFCC frame=33 35 -6 0 -1 0 1 -1 1 0 0
MFCCF frame=33 17.281582 -2.782391 -0.029997 -0.492162 0.012107 0.402332 -0.682341 0.318959 -0.026868 -0.167785
PROF frame=33 mfcc_cycles=0
MFCC frame=34 34 -7 -1 -1 -1 1 0 -1 1 1
MFCCF frame=34 17.188181 -3.719909 -0.615676 -0.659646 -0.284843 0.489335 -0.202358 -0.263194 0.704321 0.593441
PROF frame=34 mfcc_cycles=0
MFCC frame=35 37 -6 0 0 1 1 1 -1 0 0
MFCCF frame=35 18.385744 -3.038846 0.211870 0.093059 0.323087 0.486306 0.278791 -0.539422 0.090536 -0.164179
PROF frame=35 mfcc_cycles=0
MFCC frame=36 35 -7 -1 -1 -1 -1 0 0 0 1
MFCCF frame=36 17.431519 -3.403037 -0.251340 -0.363198 -0.629045 -0.333473 -0.092663 0.061917 0.200591 0.408294
PROF frame=36 mfcc_cycles=0
MFCC frame=37 33 -9 -1 0 1 0 0 0 1 1
MFCCF frame=37 16.298862 -4.288485 -0.637438 -0.084035 0.630670 0.162394 -0.194054 -0.072152 0.474968 0.299938
PROF frame=37 mfcc_cycles=0
MFCC frame=38 36 -7 0 0 0 1 2 1 1 -1
MFCCF frame=38 17.993082 -3.483385 -0.153553 -0.220992 -0.018324 0.259263 1.129804 0.673932 0.265844 -0.407410
PROF frame=38 mfcc_cycles=0
MFCC frame=39 35 -8 0 0 1 1 -1 0 0 1
MFCCF frame=39 17.597422 -3.894996 -0.086749 -0.064270 0.653639 0.430044 -0.345476 -0.089494 0.052467 0.509249
PROF frame=39 mfcc_cycles=0
MFCC frame=40 32 -7 -1 0 -1 -1 -1 -1 0 -1
MFCCF frame=40 16.192448 -3.668450 -0.332602 -0.094715 -0.330329 -0.413336 -0.370646 -0.268671 0.228948 -0.382301
PROF frame=40 mfcc_cycles=0
MFCC frame=41 35 -8 -1 -2 0 0 0 1 1 0
MFCCF frame=41 17.341257 -4.054085 -0.454650 -0.996253 0.152861 -0.153513 -0.072167 0.419535 0.737187 0.176232
PROF frame=41 mfcc_cycles=0
MFCC frame=42 35 -6 0 -2 -1 0 1 1 0 1
MFCCF frame=42 17.364704 -3.225317 0.199416 -0.902876 -0.276890 0.033132 0.288662 0.372680 -0.032194 0.398886
PROF frame=42 mfcc_cycles=0
MFCC frame=43 35 -6 0 -1 -1 -2 -1 -2 -2 0
MFCCF frame=43 17.690340 -2.797428 0.154376 -0.296152 -0.705145 -0.807762 -0.748617 -1.054555 -0.803292 -0.236692
PROF frame=43 mfcc_cycles=0
MFCC frame=44 35 -7 0 0 -1 0 1 0 -1 0
MFCCF frame=44 17.635086 -3.350940 -0.194158 -0.159510 -0.395582 -0.172357 0.317535 0.180569 -0.350180 -0.012486
PROF frame=44 mfcc_cycles=0
MFCC frame=45 36 -4 1 1 -1 1 0 0 1 1
MFCCF frame=45 17.805099 -2.227020 0.490922 0.738562 -0.368228 0.265678 -0.023915 0.065474 0.556367 0.343203
PROF frame=45 mfcc_cycles=0
MFCC frame=46 33 -7 -1 0 0 -1 -1 -1 0 -1
MFCCF frame=46 16.284101 -3.487483 -0.597884 0.142219 0.159995 -0.519942 -0.295608 -0.278846 -0.151963 -0.368607
PROF frame=46 mfcc_cycles=0
MFCC frame=47 35 -6 1 0 1 1 0 1 1 0
MFCCF frame=47 17.625603 -2.887787 0.623797 0.061223 0.537028 0.635016 -0.101915 0.401797 0.516046 0.055960
PROF frame=47 mfcc_cycles=0
MFCC frame=48 37 -5 1 -2 -1 0 0 -1 0 0
MFCCF frame=48 18.561562 -2.571679 0.276322 -0.754807 -0.533251 -0.128828 0.179973 -0.507337 0.019965 0.223567
PROF frame=48 mfcc_cycles=0
MFCC frame=49 36 -7 -1 -1 0 0 1 0 1 1
MFCCF frame=49 18.210873 -3.693639 -0.331377 -0.455112 -0.130546 -0.169384 0.457452 -0.096380 0.434627 0.701382
PROF frame=49 mfcc_cycles=0
RESULT infer=1 label=2 score=94 cycles=0
[infer 1] frame=49 t=980ms top1=yes (222) top2=up (11) cycles=0
GOLDEN infer=1 frame=49 logits=-9,-23,26,-23,-4,-15,-15,-26,-24,-48,-20,-46 probs=-121,-126,94,-126,-117,-124,-124,-127,-127,-128,-126,-128 cksum=391e4e28,71e99b5e,13152bbb,b132cdc9,f010be42,73282d1f,22342356,67e3e5af,06bfc082,483bd4df,5f307a22
LAYERS infer=1 conv1=0 dw1=0 pw1=0 dw2=0 pw2=0 dw3=0 pw3=0 dw4=0 pw4=0 avgpool=0 fc=0
CTRL ticks=1000 max_latency_cycles=0 avg_latency_cycles=0 seq_cksum=f43e7aa3 last_y=1000 last_u=1018
RUN frames=50 inferences=1 total_cycles=100000000 deadline_us=100000 deadline_miss=0 max_infer_cycles=0 overruns=0
