BOOT kws+ctrl
MFCC frame=1 -128 0 0 0 0 0 0 0 0 0
MFCCF frame=1 -247.139297 0.000003 -0.000002 -0.000000 -0.000000 0.000000 -0.000000 -0.000004 0.000000 0.000000
PROF frame=1 mfcc_cycles=0
MFCC frame=2 -128 0 0 0 0 0 0 0 0 0
MFCCF frame=2 -247.139297 0.000003 -0.000002 -0.000000 -0.000000 0.000000 -0.000000 -0.000004 0.000000 0.000000
PROF frame=2 mfcc_cycles=0
MFCC frame=3 -128 0 0 0 0 0 0 0 0 0
MFCCF frame=3 -247.139297 0.000003 -0.000002 -0.000000 -0.000000 0.000000 -0.000000 -0.000004 0.000000 0.000000
PROF frame=3 mfcc_cycles=0
MFCC frame=4 -128 0 0 0 0 0 0 0 0 0
MFCCF frame=4 -247.139297 0.000003 -0.000002 -0.000000 -0.000000 0.000000 -0.000000 -0.000004 0.000000 0.000000
PROF frame=4 mfcc_cycles=0
MFCC frame=5 -128 0 0 0 0 0 0 0 0 0
MFCCF frame=5 -247.139297 0.000003 -0.000002 -0.000000 -0.000000 0.000000 -0.000000 -0.000004 0.000000 0.000000
PROF frame=5 mfcc_cycles=0
MFCC frame=6 -128 0 0 0 0 0 0 0 0 0
MFCCF frame=6 -247.139297 0.000003 -0.000002 -0.000000 -0.000000 0.000000 -0.000000 -0.000004 0.000000 0.000000
PROF frame=6 mfcc_cycles=0
MFCC frame=7 -128 0 0 0 0 0 0 0 0 0
MFCCF frame=7 -247.139297 0.000003 -0.000002 -0.000000 -0.000000 0.000000 -0.000000 -0.000004 0.000000 0.000000
PROF frame=7 mfcc_cycles=0
MFCC frame=8 -128 0 0 0 0 0 0 0 0 0
MFCCF frame=8 -247.139297 0.000003 -0.000002 -0.000000 -0.000000 0.000000 -0.000000 -0.000004 0.000000 0.000000
PROF frame=8 mfcc_cycles=0
MFCC frame=9 -128 0 0 0 0 0 0 0 0 0
MFCCF frame=9 -247.139297 0.000003 -0.000002 -0.000000 -0.000000 0.000000 -0.000000 -0.000004 0.000000 0.000000
PROF frame=9 mfcc_cycles=0
MFCC frame=10 -128 0 0 0 0 0 0 0 0 0
MFCCF frame=10 -247.139297 0.000003 -0.000002 -0.000000 -0.000000 0.000000 -0.000000 -0.000004 0.000000 0.000000
PROF frame=10 mfcc_cycles=0
MFCC frame=11 -128 0 0 0 0 0 0 0 0 0
MFCCF frame=11 -247.139297 0.000003 -0.000002 -0.000000 -0.000000 0.000000 -0.000000 -0.000004 0.000000 0.000000
PROF frame=11 mfcc_cycles=0
MFCC frame=12 -128 0 0 0 0 0 0 0 0 0
MFCCF frame=12 -247.139297 0.000003 -0.000002 -0.000000 -0.000000 0.000000 -0.000000 -0.000004 0.000000 0.000000
PROF frame=12 mfcc_cycles=0
MFCC frame=13 -128 0 0 0 0 0 0 0 0 0
MFCCF frame=13 -247.139297 0.000003 -0.000002 -0.000000 -0.000000 0.000000 -0.000000 -0.000004 0.000000 0.000000
PROF frame=13 mfcc_cycles=0
MFCC frame=14 -128 0 0 0 0 0 0 0 0 0
MFCCF frame=14 -247.139297 0.000003 -0.000002 -0.000000 -0.000000 0.000000 -0.000000 -0.000004 0.000000 0.000000
PROF frame=14 mfcc_cycles=0
MFCC frame=15 -128 0 0 0 0 0 0 0 0 0
MFCCF frame=15 -247.139297 0.000003 -0.000002 -0.000000 -0.000000 0.000000 -0.000000 -0.000004 0.000000 0.000000
PROF frame=15 mfcc_cycles=0
MFCC frame=16 -128 0 0 0 0 0 0 0 0 0
MFCCF frame=16 -247.139297 0.000003 -0.000002 -0.000000 -0.000000 0.000000 -0.000000 -0.000004 0.000000 0.000000
PROF frame=16 mfcc_cycles=0
MFCC frame=17 -128 0 0 0 0 0 0 0 0 0
MFCCF frame=17 -247.139297 0.000003 -0.000002 -0.000000 -0.000000 0.000000 -0.000000 -0.000004 0.000000 0.000000
PROF frame=17 mfcc_cycles=0
MFCC frame=18 -128 0 0 0 0 0 0 0 0 0
MFCCF frame=18 -247.139297 0.000003 -0.000002 -0.000000 -0.000000 0.000000 -0.000000 -0.000004 0.000000 0.000000
PROF frame=18 mfcc_cycles=0
MFCC frame=19 -128 0 0 0 0 0 0 0 0 0
MFCCF frame=19 -247.139297 0.000003 -0.000002 -0.000000 -0.000000 0.000000 -0.000000 -0.000004 0.000000 0.000000
PROF frame=19 mfcc_cycles=0
MFCC frame=20 -128 0 0 0 0 0 0 0 0 0
MFCCF frame=20 -247.139297 0.000003 -0.000002 -0.000000 -0.000000 0.000000 -0.000000 -0.000004 0.000000 0.000000
PROF frame=20 mfcc_cycles=0
MFCC frame=21 -128 0 0 0 0 0 0 0 0 0
MFCCF frame=21 -247.139297 0.000003 -0.000002 -0.000000 -0.000000 0.000000 -0.000000 -0.000004 0.000000 0.000000
PROF frame=21 mfcc_cycles=0
MFCC frame=22 -128 0 0 0 0 0 0 0 0 0
MFCCF frame=22 -247.139297 0.000003 -0.000002 -0.000000 -0.000000 0.000000 -0.000000 -0.000004 0.000000 0.000000
PROF frame=22 mfcc_cycles=0
MFCC frame=23 -128 0 0 0 0 0 0 0 0 0
MFCCF frame=23 -247.139297 0.000003 -0.000002 -0.000000 -0.000000 0.000000 -0.000000 -0.000004 0.000000 0.000000
PROF frame=23 mfcc_cycles=0
MFCC frame=24 -128 0 0 0 0 0 0 0 0 0
MFCCF frame=24 -247.139297 0.000003 -0.000002 -0.000000 -0.000000 0.000000 -0.000000 -0.000004 0.000000 0.000000
PROF frame=24 mfcc_cycles=0
MFCC frame=25 -128 0 0 0 0 0 0 0 0 0
MFCCF frame=25 -247.139297 0.000003 -0.000002 -0.000000 -0.000000 0.000000 -0.000000 -0.000004 0.000000 0.000000
PROF frame=25 mfcc_cycles=0
MFCC frame=26 -128 0 0 0 0 0 0 0 0 0
MFCCF frame=26 -247.139297 0.000003 -0.000002 -0.000000 -0.000000 0.000000 -0.000000 -0.000004 0.000000 0.000000
PROF frame=26 mfcc_cycles=0
MFCC frame=27 -128 0 0 0 0 0 0 0 0 0
MFCCF frame=27 -247.139297 0.000003 -0.000002 -0.000000 -0.000000 0.000000 -0.000000 -0.000004 0.000000 0.000000
PROF frame=27 mfcc_cycles=0
MFCC frame=28 -128 0 0 0 0 0 0 0 0 0
MFCCF frame=28 -247.139297 0.000003 -0.000002 -0.000000 -0.000000 0.000000 -0.000000 -0.000004 0.000000 0.000000
PROF frame=28 mfcc_cycles=0
MFCC frame=29 -128 0 0 0 0 0 0 0 0 0
MFCCF frame=29 -247.139297 0.000003 -0.000002 -0.000000 -0.000000 0.000000 -0.000000 -0.000004 0.000000 0.000000
PROF frame=29 mfcc_cycles=0
MFCC frame=30 -128 0 0 0 0 0 0 0 0 0
MFCCF frame=30 -247.139297 0.000003 -0.000002 -0.000000 -0.000000 0.000000 -0.000000 -0.000004 0.000000 0.000000
PROF frame=30 mfcc_cycles=0
MFCC frame=31 -128 0 0 0 0 0 0 0 0 0
MFCCF frame=31 -247.139297 0.000003 -0.000002 -0.000000 -0.000000 0.000000 -0.000000 -0.000004 0.000000 0.000000
PROF frame=31 mfcc_cycles=0
MFCC frame=32 -128 0 0 0 0 0 0 0 0 0
MFCCF frame=32 -247.139297 0.000003 -0.000002 -0.000000 -0.000000 0.000000 -0.000000 -0.000004 0.000000 0.000000
PROF frame=32 mfcc_cycles=0
MFCC frame=33 -128 0 0 0 0 0 0 0 0 0
MFCCF frame=33 -247.139297 0.000003 -0.000002 -0.000000 -0.000000 0.000000 -0.000000 -0.000004 0.000000 0.000000
PROF frame=33 mfcc_cycles=0
MFCC frame=34 -128 0 0 0 0 0 0 0 0 0
MFCCF frame=34 -247.139297 0.000003 -0.000002 -0.000000 -0.000000 0.000000 -0.000000 -0.000004 0.000000 0.000000
PROF frame=34 mfcc_cycles=0
MFCC frame=35 -128 0 0 0 0 0 0 0 0 0
MFCCF frame=35 -247.139297 0.000003 -0.000002 -0.000000 -0.000000 0.000000 -0.000000 -0.000004 0.000000 0.000000
PROF frame=35 mfcc_cycles=0
MFCC frame=36 -128 0 0 0 0 0 0 0 0 0
MFCCF frame=36 -247.139297 0.000003 -0.000002 -0.000000 -0.000000 0.000000 -0.000000 -0.000004 0.000000 0.000000
PROF frame=36 mfcc_cycles=0
MFCC frame=37 -128 0 0 0 0 0 0 0 0 0
MFCCF frame=37 -247.139297 0.000003 -0.000002 -0.000000 -0.000000 0.000000 -0.000000 -0.000004 0.000000 0.000000
PROF frame=37 mfcc_cycles=0
MFCC frame=38 -128 0 0 0 0 0 0 0 0 0
MFCCF frame=38 -247.139297 0.000003 -0.000002 -0.000000 -0.000000 0.000000 -0.000000 -0.000004 0.000000 0.000000
PROF frame=38 mfcc_cycles=0
MFCC frame=39 -128 0 0 0 0 0 0 0 0 0
MFCCF frame=39 -247.139297 0.000003 -0.000002 -0.000000 -0.000000 0.000000 -0.000000 -0.000004 0.000000 0.000000
PROF frame=39 mfcc_cycles=0
MFCC frame=40 34 4 -10 -2 4 2 -2 -2 1 2
MFCCF frame=40 16.766424 1.979689 -5.221762 -1.192862 1.763478 1.158813 -1.151786 -1.066263 0.476918 0.939436
PROF frame=40 mfcc_cycles=0
MFCC frame=41 -84 10 -31 -7 12 8 -8 -6 2 8
MFCCF frame=41 -42.029243 5.226559 -15.677274 -3.605856 5.950559 4.226705 -4.178729 -2.908900 1.042796 3.902472
PROF frame=41 mfcc_cycles=0
MFCC frame=42 -84 10 -31 -7 12 8 -8 -6 2 8
MFCCF frame=42 -42.029243 5.226559 -15.677274 -3.605856 5.950559 4.226705 -4.178729 -2.908900 1.042796 3.902472
PROF frame=42 mfcc_cycles=0
MFCC frame=43 -84 10 -31 -7 12 8 -8 -6 2 8
MFCCF frame=43 -42.029243 5.226559 -15.677274 -3.605856 5.950559 4.226705 -4.178729 -2.908900 1.042796 3.902472
PROF frame=43 mfcc_cycles=0
MFCC frame=44 -84 10 -31 -7 12 8 -8 -6 2 8
MFCCF frame=44 -42.029243 5.226559 -15.677274 -3.605856 5.950559 4.226705 -4.178729 -2.908900 1.042796 3.902472
PROF frame=44 mfcc_cycles=0
MFCC frame=45 -84 10 -31 -7 12 8 -8 -6 2 8
MFCCF frame=45 -42.029243 5.226559 -15.677274 -3.605856 5.950559 4.226705 -4.178729 -2.908900 1.042796 3.902472
PROF frame=45 mfcc_cycles=0
MFCC frame=46 -84 10 -31 -7 12 8 -8 -6 2 8
MFCCF frame=46 -42.029243 5.226559 -15.677274 -3.605856 5.950559 4.226705 -4.178729 -2.908900 1.042796 3.902472
PROF frame=46 mfcc_cycles=0
MFCC frame=47 -84 10 -31 -7 12 8 -8 -6 2 8
MFCCF frame=47 -42.029243 5.226559 -15.677274 -3.605856 5.950559 4.226705 -4.178729 -2.908900 1.042796 3.902472
PROF frame=47 mfcc_cycles=0
MFCC frame=48 -84 10 -31 -7 12 8 -8 -6 2 8
MFCCF frame=48 -42.029243 5.226559 -15.677274 -3.605856 5.950559 4.226705 -4.178729 -2.908900 1.042796 3.902472
PROF frame=48 mfcc_cycles=0
MFCC frame=49 -84 10 -31 -7 12 8 -8 -6 2 8
MFCCF frame=49 -42.029243 5.226559 -15.677274 -3.605856 5.950559 4.226705 -4.178729 -2.908900 1.042796 3.902472
PROF frame=49 mfcc_cycles=0
RESULT infer=1 label=2 score=95 cycles=0
[infer 1] frame=49 t=980ms top1=yes (223) top2=up (10) cycles=0
GOLDEN infer=1 frame=49 logits=-9,-24,26,-23,-5,-16,-15,-26,-24,-48,-19,-46 probs=-121,-126,95,-126,-118,-125,-124,-127,-126,-128,-126,-128 cksum=397672db,c23188b6,2a9f11b8,6e7e8269,f2fa0a4b,5072604d,69042fbb,ec4aa805,219f7094,8584f9bb,11a683ec
LAYERS infer=1 conv1=0 dw1=0 pw1=0 dw2=0 pw2=0 dw3=0 pw3=0 dw4=0 pw4=0 avgpool=0 fc=0
MFCC frame=50 -84 10 -31 -7 12 8 -8 -6 2 8
MFCCF frame=50 -42.029243 5.226559 -15.677274 -3.605856 5.950559 4.226705 -4.178729 -2.908900 1.042796 3.902472
PROF frame=50 mfcc_cycles=0
MFCC frame=51 -84 10 -31 -7 12 8 -8 -6 2 8
MFCCF frame=51 -42.029243 5.226559 -15.677274 -3.605856 5.950559 4.226705 -4.178729 -2.908900 1.042796 3.902472
PROF frame=51 mfcc_cycles=0
MFCC frame=52 -84 10 -31 -7 12 8 -8 -6 2 8
MFCCF frame=52 -42.029243 5.226559 -15.677274 -3.605856 5.950559 4.226705 -4.178729 -2.908900 1.042796 3.902472
PROF frame=52 mfcc_cycles=0
MFCC frame=53 -84 10 -31 -7 12 8 -8 -6 2 8
MFCCF frame=53 -42.029243 5.226559 -15.677274 -3.605856 5.950559 4.226705 -4.178729 -2.908900 1.042796 3.902472
PROF frame=53 mfcc_cycles=0
MFCC frame=54 -84 10 -31 -7 12 8 -8 -6 2 8
MFCCF frame=54 -42.029243 5.226559 -15.677274 -3.605856 5.950559 4.226705 -4.178729 -2.908900 1.042796 3.902472
PROF frame=54 mfcc_cycles=0
RESULT infer=2 label=2 score=95 cycles=0
[infer 2] frame=54 t=1080ms top1=yes (223) top2=up (10) cycles=0
GOLDEN infer=2 frame=54 logits=-9,-24,26,-23,-5,-16,-15,-26,-24,-48,-19,-46 probs=-121,-126,95,-126,-118,-125,-124,-127,-126,-128,-126,-128 cksum=4bd4d3c4,86170850,6dd9f57b,46e3f527,c465e125,5fed55c4,fb2ee5e5,7075a3df,7e63cc10,8584f9bb,11a683ec
LAYERS infer=2 conv1=0 dw1=0 pw1=0 dw2=0 pw2=0 dw3=0 pw3=0 dw4=0 pw4=0 avgpool=0 fc=0
MFCC frame=55 34 4 -10 -2 4 2 -2 -2 1 2
MFCCF frame=55 16.766424 1.979689 -5.221762 -1.192862 1.763479 1.158813 -1.151786 -1.066263 0.476918 0.939436
PROF frame=55 mfcc_cycles=0
MFCC frame=56 -128 0 0 0 0 0 0 0 0 0
MFCCF frame=56 -247.139297 0.000003 -0.000002 -0.000000 -0.000000 0.000000 -0.000000 -0.000004 0.000000 0.000000
PROF frame=56 mfcc_cycles=0
MFCC frame=57 -128 0 0 0 0 0 0 0 0 0
MFCCF frame=57 -247.139297 0.000003 -0.000002 -0.000000 -0.000000 0.000000 -0.000000 -0.000004 0.000000 0.000000
PROF frame=57 mfcc_cycles=0
MFCC frame=58 -128 0 0 0 0 0 0 0 0 0
MFCCF frame=58 -247.139297 0.000003 -0.000002 -0.000000 -0.000000 0.000000 -0.000000 -0.000004 0.000000 0.000000
PROF frame=58 mfcc_cycles=0
MFCC frame=59 -128 0 0 0 0 0 0 0 0 0
MFCCF frame=59 -247.139297 0.000003 -0.000002 -0.000000 -0.000000 0.000000 -0.000000 -0.000004 0.000000 0.000000
PROF frame=59 mfcc_cycles=0
RESULT infer=3 label=2 score=95 cycles=0
[infer 3] frame=59 t=1180ms top1=yes (223) top2=up (10) cycles=0
GOLDEN infer=3 frame=59 logits=-9,-24,26,-23,-5,-16,-15,-26,-24,-48,-19,-46 probs=-121,-126,95,-126,-118,-125,-124,-127,-126,-128,-126,-128 cksum=d3bbc211,4e06a4b2,30195eb1,d91ec8e2,85edb313,ba6a6ee0,f9bafdd1,f4a52092,af65d8d8,6ff7506a,11a683ec
LAYERS infer=3 conv1=0 dw1=0 pw1=0 dw2=0 pw2=0 dw3=0 pw3=0 dw4=0 pw4=0 avgpool=0 fc=0
MFCC frame=60 -128 0 0 0 0 0 0 0 0 0
MFCCF frame=60 -247.139297 0.000003 -0.000002 -0.000000 -0.000000 0.000000 -0.000000 -0.000004 0.000000 0.000000
PROF frame=60 mfcc_cycles=0
MFCC frame=61 -128 0 0 0 0 0 0 0 0 0
MFCCF frame=61 -247.139297 0.000003 -0.000002 -0.000000 -0.000000 0.000000 -0.000000 -0.000004 0.000000 0.000000
PROF frame=61 mfcc_cycles=0
MFCC frame=62 -128 0 0 0 0 0 0 0 0 0
MFCCF frame=62 -247.139297 0.000003 -0.000002 -0.000000 -0.000000 0.000000 -0.000000 -0.000004 0.000000 0.000000
PROF frame=62 mfcc_cycles=0
MFCC frame=63 -128 0 0 0 0 0 0 0 0 0
MFCCF frame=63 -247.139297 0.000003 -0.000002 -0.000000 -0.000000 0.000000 -0.000000 -0.000004 0.000000 0.000000
PROF frame=63 mfcc_cycles=0
MFCC frame=64 -128 0 0 0 0 0 0 0 0 0
MFCCF frame=64 -247.139297 0.000003 -0.000002 -0.000000 -0.000000 0.000000 -0.000000 -0.000004 0.000000 0.000000
PROF frame=64 mfcc_cycles=0
RESULT infer=4 label=2 score=95 cycles=0
[infer 4] frame=64 t=1280ms top1=yes (223) top2=up (10) cycles=0
GOLDEN infer=4 frame=64 logits=-9,-24,26,-23,-5,-16,-15,-26,-23,-48,-19,-46 probs=-121,-126,95,-126,-118,-125,-124,-127,-126,-128,-126,-128 cksum=75e86906,ce802644,1976b23d,2256bce7,348733be,606d6922,2bcecd64,6beef138,fd24cff4,a6906d3b,07c96dc9
LAYERS infer=4 conv1=0 dw1=0 pw1=0 dw2=0 pw2=0 dw3=0 pw3=0 dw4=0 pw4=0 avgpool=0 fc=0
MFCC frame=65 -128 0 0 0 0 0 0 0 0 0
MFCCF frame=65 -247.139297 0.000003 -0.000002 -0.000000 -0.000000 0.000000 -0.000000 -0.000004 0.000000 0.000000
PROF frame=65 mfcc_cycles=0
MFCC frame=66 -128 0 0 0 0 0 0 0 0 0
MFCCF frame=66 -247.139297 0.000003 -0.000002 -0.000000 -0.000000 0.000000 -0.000000 -0.000004 0.000000 0.000000
PROF frame=66 mfcc_cycles=0
MFCC frame=67 -128 0 0 0 0 0 0 0 0 0
MFCCF frame=67 -247.139297 0.000003 -0.000002 -0.000000 -0.000000 0.000000 -0.000000 -0.000004 0.000000 0.000000
PROF frame=67 mfcc_cycles=0
MFCC frame=68 -128 0 0 0 0 0 0 0 0 0
MFCCF frame=68 -247.139297 0.000003 -0.000002 -0.000000 -0.000000 0.000000 -0.000000 -0.000004 0.000000 0.000000
PROF frame=68 mfcc_cycles=0
MFCC frame=69 -128 0 0 0 0 0 0 0 0 0
MFCCF frame=69 -247.139297 0.000003 -0.000002 -0.000000 -0.000000 0.000000 -0.000000 -0.000004 0.000000 0.000000
PROF frame=69 mfcc_cycles=0
RESULT infer=5 label=2 score=95 cycles=0
[infer 5] frame=69 t=1380ms top1=yes (223) top2=up (10) cycles=0
GOLDEN infer=5 frame=69 logits=-9,-24,26,-23,-5,-16,-15,-26,-24,-48,-19,-46 probs=-121,-126,95,-126,-118,-125,-124,-127,-126,-128,-126,-128 cksum=9ef8cc93,d167cbd3,89e69f2b,7c88610c,8d3f9a1b,6acfd107,5e333351,bb3a8f0a,478e96ec,f159fefa,11a683ec
LAYERS infer=5 conv1=0 dw1=0 pw1=0 dw2=0 pw2=0 dw3=0 pw3=0 dw4=0 pw4=0 avgpool=0 fc=0
MFCC frame=70 -128 0 0 0 0 0 0 0 0 0
MFCCF frame=70 -247.139297 0.000003 -0.000002 -0.000000 -0.000000 0.000000 -0.000000 -0.000004 0.000000 0.000000
PROF frame=70 mfcc_cycles=0
MFCC frame=71 -128 0 0 0 0 0 0 0 0 0
MFCCF frame=71 -247.139297 0.000003 -0.000002 -0.000000 -0.000000 0.000000 -0.000000 -0.000004 0.000000 0.000000
PROF frame=71 mfcc_cycles=0
MFCC frame=72 -128 0 0 0 0 0 0 0 0 0
MFCCF frame=72 -247.139297 0.000003 -0.000002 -0.000000 -0.000000 0.000000 -0.000000 -0.000004 0.000000 0.000000
PROF frame=72 mfcc_cycles=0
MFCC frame=73 -128 0 0 0 0 0 0 0 0 0
MFCCF frame=73 -247.139297 0.000003 -0.000002 -0.000000 -0.000000 0.000000 -0.000000 -0.000004 0.000000 0.000000
PROF frame=73 mfcc_cycles=0
MFCC frame=74 -128 0 0 0 0 0 0 0 0 0
MFCCF frame=74 -247.139297 0.000003 -0.000002 -0.000000 -0.000000 0.000000 -0.000000 -0.000004 0.000000 0.000000
PROF frame=74 mfcc_cycles=0
RESULT infer=6 label=2 score=95 cycles=0
[infer 6] frame=74 t=1480ms top1=yes (223) top2=up (10) cycles=0
GOLDEN infer=6 frame=74 logits=-9,-24,26,-23,-5,-16,-15,-26,-24,-48,-19,-46 probs=-121,-126,95,-126,-118,-125,-124,-127,-126,-128,-126,-128 cksum=0ba8a162,34e63663,0c89c1a6,34452967,be46e967,904a9111,afad4f6c,d192ede3,b136c1e9,f159fefa,11a683ec
LAYERS infer=6 conv1=0 dw1=0 pw1=0 dw2=0 pw2=0 dw3=0 pw3=0 dw4=0 pw4=0 avgpool=0 fc=0
MFCC frame=75 11 19 5 3 0 -1 -2 -2 -2 -2
MFCCF frame=75 5.526665 9.680404 2.737426 1.459387 0.111933 -0.413282 -0.919661 -1.032320 -1.092298 -0.922052
PROF frame=75 mfcc_cycles=0
MFCC frame=76 -72 39 18 1 -5 -9 -9 -8 -6 -3
MFCCF frame=76 -36.010799 19.306719 8.938519 0.481891 -2.527181 -4.397410 -4.558258 -4.151335 -2.917941 -1.749325
PROF frame=76 mfcc_cycles=0
MFCC frame=77 -72 38 15 -6 -11 -12 -11 -7 -2 1
MFCCF frame=77 -36.112705 18.846134 7.352402 -2.789433 -5.312422 -5.839737 -5.293363 -3.284130 -1.205156 0.314244
PROF frame=77 mfcc_cycles=0
MFCC frame=78 -71 36 8 -11 -15 -14 -8 -3 2 4
MFCCF frame=78 -35.659168 17.806261 4.156140 -5.361664 -7.512866 -6.786472 -4.125693 -1.708837 1.166874 1.838153
PROF frame=78 mfcc_cycles=0
MFCC frame=79 -70 33 4 -16 -17 -12 -4 2 5 5
MFCCF frame=79 -35.062134 16.723751 2.197559 -7.756172 -8.403831 -5.822365 -1.970728 1.229606 2.718356 2.597959
PROF frame=79 mfcc_cycles=0
RESULT infer=7 label=2 score=98 cycles=0
[infer 7] frame=79 t=1580ms top1=yes (226) top2=up (9) cycles=0
GOLDEN infer=7 frame=79 logits=-9,-24,27,-23,-5,-16,-15,-26,-23,-48,-19,-46 probs=-122,-127,98,-126,-119,-125,-125,-127,-126,-128,-126,-128 cksum=cb99b04a,3414f54f,42e45f83,6f167c20,6d7a4faa,0ce7d309,e787fbdf,20147876,f82453e9,6d5db5d6,45d4c584
LAYERS infer=7 conv1=0 dw1=0 pw1=0 dw2=0 pw2=0 dw3=0 pw3=0 dw4=0 pw4=0 avgpool=0 fc=0
MFCC frame=80 -70 31 -1 -20 -17 -8 1 6 6 3
MFCCF frame=80 -35.074722 15.598095 -0.501599 -9.793210 -8.393844 -4.236325 0.467803 3.216417 3.248523 1.424858
PROF frame=80 mfcc_cycles=0
MFCC frame=81 -71 29 -6 -23 -15 -4 6 8 5 -1
MFCCF frame=81 -35.366295 14.501320 -2.886324 -11.273498 -7.586967 -2.079027 2.875451 4.154819 2.253577 -0.455413
PROF frame=81 mfcc_cycles=0
MFCC frame=82 -72 25 -11 -25 -13 1 8 8 1 -5
MFCCF frame=82 -35.762821 12.646129 -5.382624 -12.537600 -6.437036 0.269251 4.208180 3.771160 0.271396 -2.266221
PROF frame=82 mfcc_cycles=0
MFCC frame=83 -72 23 -15 -25 -9 6 10 5 -3 -6
MFCCF frame=83 -35.880562 11.633037 -7.271148 -12.492864 -4.541996 2.889128 5.029679 2.462350 -1.559695 -3.173573
PROF frame=83 mfcc_cycles=0
MFCC frame=84 -73 20 -18 -25 -5 9 10 1 -6 -6
MFCCF frame=84 -36.537086 9.995792 -9.228933 -12.651454 -2.350067 4.550704 4.787603 0.457118 -3.140924 -2.755267
PROF frame=84 mfcc_cycles=0
RESULT infer=8 label=2 score=95 cycles=0
[infer 8] frame=84 t=1680ms top1=yes (223) top2=up (10) cycles=0
GOLDEN infer=8 frame=84 logits=-9,-24,26,-23,-5,-16,-15,-26,-24,-48,-19,-46 probs=-121,-126,95,-126,-118,-125,-124,-127,-126,-128,-126,-128 cksum=e1e2d6fc,68ea9714,4deffaa9,b2a409ed,5523c5c0,97508365,dabf2e6e,5466c1d6,200152a6,f159fefa,11a683ec
LAYERS infer=8 conv1=0 dw1=0 pw1=0 dw2=0 pw2=0 dw3=0 pw3=0 dw4=0 pw4=0 avgpool=0 fc=0
MFCC frame=85 -74 17 -23 -24 -1 11 7 -3 -8 -3
MFCCF frame=85 -37.148941 8.649585 -11.260917 -11.796652 -0.303000 5.719530 3.742627 -1.684179 -3.854061 -1.398577
PROF frame=85 mfcc_cycles=0
MFCC frame=86 -74 15 -24 -21 4 13 5 -7 -7 1
MFCCF frame=86 -37.081470 7.530201 -12.152889 -10.635707 2.243871 6.400409 2.273225 -3.420018 -3.283286 0.324699
PROF frame=86 mfcc_cycles=0
MFCC frame=87 -77 11 -28 -20 8 12 0 -9 -5 4
MFCCF frame=87 -38.377354 5.400627 -13.947588 -9.879507 3.921900 6.076379 0.056638 -4.363290 -2.365572 2.157410
PROF frame=87 mfcc_cycles=0
MFCC frame=88 -77 9 -29 -16 11 11 -4 -9 -2 7
MFCCF frame=88 -38.616791 4.319543 -14.737150 -7.969335 5.556220 5.742823 -2.024967 -4.414217 -0.771640 3.333464
PROF frame=88 mfcc_cycles=0
MFCC frame=89 -78 7 -30 -13 15 9 -7 -8 3 6
MFCCF frame=89 -38.983673 3.293384 -15.174212 -6.262827 7.273304 4.386863 -3.429794 -4.090723 1.370113 3.164625
PROF frame=89 mfcc_cycles=0
RESULT infer=9 label=2 score=95 cycles=0
[infer 9] frame=89 t=1780ms top1=yes (223) top2=up (10) cycles=0
GOLDEN infer=9 frame=89 logits=-9,-24,26,-23,-5,-16,-15,-26,-24,-48,-19,-46 probs=-121,-126,95,-126,-118,-125,-124,-127,-126,-128,-126,-128 cksum=55c3d344,f0e7549f,cd7578b8,acc8378c,fa4fb365,0e9b3fb1,8df63d71,19ac0022,014d3e02,76dffc7f,11a683ec
LAYERS infer=9 conv1=0 dw1=0 pw1=0 dw2=0 pw2=0 dw3=0 pw3=0 dw4=0 pw4=0 avgpool=0 fc=0
MFCC frame=90 -80 2 -32 -10 16 5 -10 -6 5 5
MFCCF frame=90 -40.033318 1.116160 -16.133904 -4.926241 7.931787 2.731440 -4.863139 -2.898260 2.744747 2.619791
PROF frame=90 mfcc_cycles=0
MFCC frame=91 -80 2 -32 -5 18 2 -11 -3 8 2
MFCCF frame=91 -39.823685 1.029018 -15.795712 -2.543871 8.897058 1.024162 -5.385916 -1.455537 3.850624 1.185851
PROF frame=91 mfcc_cycles=0
MFCC frame=92 -81 -1 -32 -2 18 -2 -11 1 8 -1
MFCCF frame=92 -40.522221 -0.649176 -16.090189 -0.846288 8.878255 -0.752908 -5.593369 0.250662 4.112881 -0.498648
PROF frame=92 mfcc_cycles=0
MFCC frame=93 -83 -4 -33 1 17 -6 -10 3 7 -4
MFCCF frame=93 -41.565826 -2.202297 -16.365858 0.585452 8.549501 -2.761087 -5.234209 1.718574 3.731228 -2.129746
PROF frame=93 mfcc_cycles=0
MFCC frame=94 -83 -5 -31 6 16 -8 -9 7 5 -6
MFCCF frame=94 -41.309219 -2.400290 -15.598882 2.899076 8.172049 -3.926539 -4.478033 3.428699 2.501924 -2.983378
PROF frame=94 mfcc_cycles=0
RESULT infer=10 label=2 score=95 cycles=0
[infer 10] frame=94 t=1880ms top1=yes (223) top2=up (10) cycles=0
GOLDEN infer=10 frame=94 logits=-9,-24,26,-23,-5,-16,-15,-26,-24,-48,-19,-46 probs=-121,-126,95,-126,-118,-125,-124,-127,-126,-128,-126,-128 cksum=b874eea7,3dbe9412,c524e433,9a2aa861,0de3f4a9,eb348a2d,1e7c2c80,6fc781f5,52a761c3,f159fefa,11a683ec
LAYERS infer=10 conv1=0 dw1=0 pw1=0 dw2=0 pw2=0 dw3=0 pw3=0 dw4=0 pw4=0 avgpool=0 fc=0
MFCC frame=95 -85 -8 -32 8 14 -11 -7 8 2 -7
MFCCF frame=95 -42.529881 -3.984879 -15.807509 4.186792 6.949624 -5.404223 -3.394902 4.181582 1.148657 -3.743331
PROF frame=95 mfcc_cycles=0
MFCC frame=96 -85 -9 -30 12 13 -13 -3 10 -1 -7
MFCCF frame=96 -42.424561 -4.573387 -14.794424 5.796430 6.336281 -6.291343 -1.649097 4.826788 -0.327716 -3.526480
PROF frame=96 mfcc_cycles=0
MFCC frame=97 -86 -12 -29 14 10 -14 0 9 -4 -6
MFCCF frame=97 -43.203022 -5.870267 -14.377275 6.872950 4.940388 -7.077038 -0.246634 4.732567 -2.041718 -2.820991
PROF frame=97 mfcc_cycles=0
MFCC frame=98 -87 -13 -27 16 7 -15 2 8 -6 -3
MFCCF frame=98 -43.683784 -6.320159 -13.722619 8.205456 3.459382 -7.336402 1.244520 4.229713 -3.121975 -1.658226
PROF frame=98 mfcc_cycles=0
MFCC frame=99 -89 -15 -26 18 4 -15 6 6 -8 -1
MFCCF frame=99 -44.628002 -7.727451 -13.149887 8.934066 2.084743 -7.483298 2.842305 3.064314 -3.905961 -0.571930
PROF frame=99 mfcc_cycles=0
RESULT infer=11 label=2 score=95 cycles=0
[infer 11] frame=99 t=1980ms top1=yes (223) top2=up (10) cycles=0
GOLDEN infer=11 frame=99 logits=-9,-24,26,-23,-5,-16,-15,-26,-24,-48,-19,-46 probs=-121,-126,95,-126,-118,-125,-124,-127,-126,-128,-126,-128 cksum=83743b4d,bd63a7f8,39549a00,4a405540,c6dde14d,226f864b,567d9c0c,a97dbbe4,d849729b,f159fefa,11a683ec
LAYERS infer=11 conv1=0 dw1=0 pw1=0 dw2=0 pw2=0 dw3=0 pw3=0 dw4=0 pw4=0 avgpool=0 fc=0
MFCC frame=100 -89 -16 -24 20 1 -14 8 4 -8 2
MFCCF frame=100 -44.627773 -8.066080 -12.021370 9.844446 0.698946 -7.053931 4.117743 1.820631 -4.209475 0.792671
PROF frame=100 mfcc_cycles=0
MFCC frame=101 -91 -18 -23 21 -2 -13 10 1 -8 4
MFCCF frame=101 -45.529408 -8.950815 -11.366638 10.557960 -0.793192 -6.329417 5.107553 0.591037 -4.120792 2.237681
PROF frame=101 mfcc_cycles=0
MFCC frame=102 -91 -18 -20 22 -5 -11 11 -2 -8 6
MFCCF frame=102 -45.445034 -9.011636 -10.143714 11.128228 -2.339341 -5.477111 5.458284 -0.940221 -3.826853 3.056488
PROF frame=102 mfcc_cycles=0
MFCC frame=103 -92 -21 -18 22 -7 -9 12 -4 -5 8
MFCCF frame=103 -46.215919 -10.292318 -9.197742 11.171015 -3.658066 -4.588098 6.069993 -1.977006 -2.449115 3.978404
PROF frame=103 mfcc_cycles=0
MFCC frame=104 -92 -21 -16 23 -9 -7 12 -7 -3 7
MFCCF frame=104 -46.053307 -10.353725 -7.934157 11.309273 -4.742836 -3.382042 5.906379 -3.490730 -1.705016 3.394605
PROF frame=104 mfcc_cycles=0
RESULT infer=12 label=2 score=95 cycles=0
[infer 12] frame=104 t=2080ms top1=yes (223) top2=up (10) cycles=0
GOLDEN infer=12 frame=104 logits=-9,-24,26,-23,-5,-16,-15,-26,-24,-48,-19,-46 probs=-121,-126,95,-126,-118,-125,-124,-127,-126,-128,-126,-128 cksum=b004a5b2,f2f25cae,90a69605,d4ef8e9b,d4f049c0,b830a62c,b499d918,d388cb8a,f3a7cb1d,76dffc7f,11a683ec
LAYERS infer=12 conv1=0 dw1=0 pw1=0 dw2=0 pw2=0 dw3=0 pw3=0 dw4=0 pw4=0 avgpool=0 fc=0
MFCC frame=105 -93 -22 -15 22 -12 -4 11 -8 0 7
MFCCF frame=105 -46.655022 -11.014297 -7.291031 11.103153 -6.175436 -1.986747 5.744998 -4.019800 -0.076784 3.449909
PROF frame=105 mfcc_cycles=0
MFCC frame=106 -94 -23 -13 22 -14 -2 10 -10 2 5
MFCCF frame=106 -47.236263 -11.578302 -6.391100 10.758099 -7.143423 -0.807518 5.044515 -4.901758 1.168249 2.421074
PROF frame=106 mfcc_cycles=0
MFCC frame=107 -96 -24 -10 21 -15 1 9 -10 5 2
MFCCF frame=107 -47.772030 -12.234818 -5.078026 10.675671 -7.682532 0.731308 4.611252 -5.103102 2.275190 1.096452
PROF frame=107 mfcc_cycles=0
MFCC frame=108 -96 -25 -9 20 -17 4 6 -11 6 1
MFCCF frame=108 -48.074409 -12.432487 -4.466285 9.983178 -8.653522 1.883590 3.150676 -5.426919 3.089021 0.358921
PROF frame=108 mfcc_cycles=0
MFCC frame=109 -98 -27 -7 20 -17 8 5 -9 8 -1
MFCCF frame=109 -49.122662 -13.375998 -3.377738 9.779854 -8.386196 3.820116 2.738793 -4.706316 4.166477 -0.727895
PROF frame=109 mfcc_cycles=0
RESULT infer=13 label=2 score=95 cycles=0
[infer 13] frame=109 t=2180ms top1=yes (223) top2=up (10) cycles=0
GOLDEN infer=13 frame=109 logits=-9,-24,26,-23,-5,-16,-15,-26,-24,-48,-19,-46 probs=-121,-126,95,-126,-118,-125,-124,-127,-126,-128,-126,-128 cksum=fbb180b2,47e3f050,b7cbd33b,71738955,8195ac39,a60876d4,a00ffb6c,3f699e3c,67646c48,d17bb345,11a683ec
LAYERS infer=13 conv1=0 dw1=0 pw1=0 dw2=0 pw2=0 dw3=0 pw3=0 dw4=0 pw4=0 avgpool=0 fc=0
MFCC frame=110 -98 -26 -4 18 -18 9 1 -10 8 -4
MFCCF frame=110 -48.775345 -13.151154 -2.240626 9.124204 -9.174089 4.269255 0.630091 -4.808671 4.223866 -1.897138
PROF frame=110 mfcc_cycles=0
MFCC frame=111 -97 -26 -2 16 -19 10 -1 -8 8 -7
MFCCF frame=111 -48.730530 -13.182459 -1.016104 8.129493 -9.533124 4.819829 -0.476366 -3.866735 4.235518 -3.283745
PROF frame=111 mfcc_cycles=0
MFCC frame=112 -99 -28 -2 14 -19 13 -2 -5 8 -8
MFCCF frame=112 -49.573097 -14.168761 -0.940408 6.974597 -9.400235 6.468913 -1.170205 -2.709467 4.151866 -3.812652
PROF frame=112 mfcc_cycles=0
MFCC frame=113 -101 -29 0 13 -19 13 -6 -3 8 -8
MFCCF frame=113 -50.404987 -14.457682 0.212551 6.402119 -9.424047 6.324920 -2.780417 -1.298282 4.057358 -4.092821
PROF frame=113 mfcc_cycles=0
MFCC frame=114 -100 -29 3 12 -17 14 -7 0 7 -8
MFCCF frame=114 -50.112347 -14.262943 1.492381 5.906121 -8.714189 7.226486 -3.634583 -0.195879 3.469704 -3.758698
PROF frame=114 mfcc_cycles=0
RESULT infer=14 label=2 score=95 cycles=0
[infer 14] frame=114 t=2280ms top1=yes (223) top2=up (10) cycles=0
GOLDEN infer=14 frame=114 logits=-9,-24,26,-23,-5,-16,-15,-26,-24,-48,-19,-46 probs=-121,-126,95,-126,-118,-125,-124,-127,-126,-128,-126,-128 cksum=145bc953,812c2a07,79d836fb,449c3d80,26f1e076,55f17b2d,ba23c255,67689f59,2b8ce8c1,76dffc7f,11a683ec
LAYERS infer=14 conv1=0 dw1=0 pw1=0 dw2=0 pw2=0 dw3=0 pw3=0 dw4=0 pw4=0 avgpool=0 fc=0
MFCC frame=115 -101 -28 4 10 -17 16 -9 2 4 -7
MFCCF frame=115 -50.353924 -14.219330 2.096011 4.757953 -8.592405 7.860534 -4.258841 1.124721 2.202783 -3.658180
PROF frame=115 mfcc_cycles=0
MFCC frame=116 -102 -29 6 8 -16 15 -10 5 3 -6
MFCCF frame=116 -50.784176 -14.497290 2.925491 3.770440 -8.012987 7.516989 -5.127996 2.274348 1.468565 -2.807219
PROF frame=116 mfcc_cycles=0
MFCC frame=117 -102 -30 7 6 -14 15 -12 6 0 -5
MFCCF frame=117 -50.958565 -14.832459 3.596665 3.228874 -7.112497 7.462636 -6.160503 3.165856 -0.046157 -2.738573
PROF frame=117 mfcc_cycles=0
MFCC frame=118 -104 -30 9 4 -13 14 -13 8 -2 -3
MFCCF frame=118 -52.017586 -15.177870 4.348047 1.998645 -6.716401 7.029292 -6.490214 3.955654 -0.844506 -1.271785
PROF frame=118 mfcc_cycles=0
MFCC frame=119 -102 -29 10 2 -11 13 -14 9 -4 0
MFCCF frame=119 -51.130024 -14.726266 4.819139 1.117023 -5.534235 6.591062 -7.179089 4.593433 -1.815570 -0.237927
PROF frame=119 mfcc_cycles=0
RESULT infer=15 label=2 score=95 cycles=0
[infer 15] frame=119 t=2380ms top1=yes (223) top2=up (10) cycles=0
GOLDEN infer=15 frame=119 logits=-9,-24,26,-23,-5,-16,-15,-26,-24,-48,-19,-46 probs=-121,-126,95,-126,-118,-125,-124,-127,-126,-128,-126,-128 cksum=9b48d431,b3838a75,415bd70a,084becfd,860bee6e,71644425,722dba55,823e68d5,a1bed596,f58f34f0,11a683ec
LAYERS infer=15 conv1=0 dw1=0 pw1=0 dw2=0 pw2=0 dw3=0 pw3=0 dw4=0 pw4=0 avgpool=0 fc=0
MFCC frame=120 -104 -31 11 0 -10 13 -14 9 -7 1
MFCCF frame=120 -52.176258 -15.510397 5.344346 0.055632 -4.951757 6.314834 -7.013474 4.715307 -3.609831 0.408803
PROF frame=120 mfcc_cycles=0
MFCC frame=121 -106 -31 13 -1 -7 12 -14 10 -8 4
MFCCF frame=121 -52.750824 -15.281793 6.303372 -0.283539 -3.496604 5.950143 -6.902559 4.757594 -4.151450 1.886435
PROF frame=121 mfcc_cycles=0
MFCC frame=122 -104 -30 13 -3 -7 10 -12 12 -8 6
MFCCF frame=122 -52.062859 -14.889950 6.612482 -1.612848 -3.259418 5.179535 -5.794599 6.203413 -4.118433 3.187578
PROF frame=122 mfcc_cycles=0
MFCC frame=123 -107 -32 14 -4 -3 9 -13 11 -10 7
MFCCF frame=123 -53.629795 -16.047882 6.772135 -1.927199 -1.545175 4.429400 -6.321906 5.404888 -4.959898 3.405981
PROF frame=123 mfcc_cycles=0
MFCC frame=124 -106 -30 15 -6 -2 7 -11 11 -10 9
MFCCF frame=124 -52.979813 -14.993591 7.294873 -3.098067 -1.192172 3.407928 -5.304716 5.365447 -5.005285 4.271558
PROF frame=124 mfcc_cycles=0
RESULT infer=16 label=2 score=95 cycles=0
[infer 16] frame=124 t=2480ms top1=yes (223) top2=up (10) cycles=0
GOLDEN infer=16 frame=124 logits=-9,-24,26,-23,-5,-16,-15,-26,-24,-48,-19,-46 probs=-121,-126,95,-126,-118,-125,-124,-127,-126,-128,-126,-128 cksum=d50cbfeb,936e1f28,71656b74,848f9d6f,31f00db2,d6edeefc,171c2267,0f73d232,499e4c3c,16db93c8,11a683ec
LAYERS infer=16 conv1=0 dw1=0 pw1=0 dw2=0 pw2=0 dw3=0 pw3=0 dw4=0 pw4=0 avgpool=0 fc=0
MFCC frame=125 23 -15 4 -2 0 1 -2 3 -3 2
MFCCF frame=125 11.430810 -7.334859 2.051070 -1.052057 -0.238318 0.721611 -1.224254 1.307149 -1.345236 1.124202
PROF frame=125 mfcc_cycles=0
MFCC frame=126 -128 0 0 0 0 0 0 0 0 0
MFCCF frame=126 -247.139297 0.000003 -0.000002 -0.000000 -0.000000 0.000000 -0.000000 -0.000004 0.000000 0.000000
PROF frame=126 mfcc_cycles=0
MFCC frame=127 -128 0 0 0 0 0 0 0 0 0
MFCCF frame=127 -247.139297 0.000003 -0.000002 -0.000000 -0.000000 0.000000 -0.000000 -0.000004 0.000000 0.000000
PROF frame=127 mfcc_cycles=0
MFCC frame=128 -128 0 0 0 0 0 0 0 0 0
MFCCF frame=128 -247.139297 0.000003 -0.000002 -0.000000 -0.000000 0.000000 -0.000000 -0.000004 0.000000 0.000000
PROF frame=128 mfcc_cycles=0
MFCC frame=129 -128 0 0 0 0 0 0 0 0 0
MFCCF frame=129 -247.139297 0.000003 -0.000002 -0.000000 -0.000000 0.000000 -0.000000 -0.000004 0.000000 0.000000
PROF frame=129 mfcc_cycles=0
RESULT infer=17 label=2 score=95 cycles=0
[infer 17] frame=129 t=2580ms top1=yes (223) top2=up (10) cycles=0
GOLDEN infer=17 frame=129 logits=-9,-24,26,-23,-5,-16,-15,-26,-24,-48,-19,-46 probs=-121,-126,95,-126,-118,-125,-124,-127,-126,-128,-126,-128 cksum=54fe8584,3ab8e368,6d26c61f,86724e3d,e4ed65c4,74c29ab0,9b1b8d84,a4977b10,4963ee99,16db93c8,11a683ec
LAYERS infer=17 conv1=0 dw1=0 pw1=0 dw2=0 pw2=0 dw3=0 pw3=0 dw4=0 pw4=0 avgpool=0 fc=0
MFCC frame=130 -128 0 0 0 0 0 0 0 0 0
MFCCF frame=130 -247.139297 0.000003 -0.000002 -0.000000 -0.000000 0.000000 -0.000000 -0.000004 0.000000 0.000000
PROF frame=130 mfcc_cycles=0
MFCC frame=131 -128 0 0 0 0 0 0 0 0 0
MFCCF frame=131 -247.139297 0.000003 -0.000002 -0.000000 -0.000000 0.000000 -0.000000 -0.000004 0.000000 0.000000
PROF frame=131 mfcc_cycles=0
MFCC frame=132 -128 0 0 0 0 0 0 0 0 0
MFCCF frame=132 -247.139297 0.000003 -0.000002 -0.000000 -0.000000 0.000000 -0.000000 -0.000004 0.000000 0.000000
PROF frame=132 mfcc_cycles=0
MFCC frame=133 -128 0 0 0 0 0 0 0 0 0
MFCCF frame=133 -247.139297 0.000003 -0.000002 -0.000000 -0.000000 0.000000 -0.000000 -0.000004 0.000000 0.000000
PROF frame=133 mfcc_cycles=0
MFCC frame=134 -128 0 0 0 0 0 0 0 0 0
MFCCF frame=134 -247.139297 0.000003 -0.000002 -0.000000 -0.000000 0.000000 -0.000000 -0.000004 0.000000 0.000000
PROF frame=134 mfcc_cycles=0
RESULT infer=18 label=2 score=95 cycles=0
[infer 18] frame=134 t=2680ms top1=yes (223) top2=up (10) cycles=0
GOLDEN infer=18 frame=134 logits=-9,-24,26,-23,-5,-16,-15,-26,-24,-48,-19,-46 probs=-121,-126,95,-126,-118,-125,-124,-127,-126,-128,-126,-128 cksum=fcd72e1d,5c0b4124,d58b54fd,d1d9b24a,061e0ec2,b0c9b41d,ad12e4c7,b0eab989,ed1d163c,c02ea81d,11a683ec
LAYERS infer=18 conv1=0 dw1=0 pw1=0 dw2=0 pw2=0 dw3=0 pw3=0 dw4=0 pw4=0 avgpool=0 fc=0
MFCC frame=135 -128 0 0 0 0 0 0 0 0 0
MFCCF frame=135 -247.139297 0.000003 -0.000002 -0.000000 -0.000000 0.000000 -0.000000 -0.000004 0.000000 0.000000
PROF frame=135 mfcc_cycles=0
MFCC frame=136 -128 0 0 0 0 0 0 0 0 0
MFCCF frame=136 -247.139297 0.000003 -0.000002 -0.000000 -0.000000 0.000000 -0.000000 -0.000004 0.000000 0.000000
PROF frame=136 mfcc_cycles=0
MFCC frame=137 -128 0 0 0 0 0 0 0 0 0
MFCCF frame=137 -247.139297 0.000003 -0.000002 -0.000000 -0.000000 0.000000 -0.000000 -0.000004 0.000000 0.000000
PROF frame=137 mfcc_cycles=0
MFCC frame=138 -128 0 0 0 0 0 0 0 0 0
MFCCF frame=138 -247.139297 0.000003 -0.000002 -0.000000 -0.000000 0.000000 -0.000000 -0.000004 0.000000 0.000000
PROF frame=138 mfcc_cycles=0
MFCC frame=139 -128 0 0 0 0 0 0 0 0 0
MFCCF frame=139 -247.139297 0.000003 -0.000002 -0.000000 -0.000000 0.000000 -0.000000 -0.000004 0.000000 0.000000
PROF frame=139 mfcc_cycles=0
RESULT infer=19 label=2 score=96 cycles=0
[infer 19] frame=139 t=2780ms top1=yes (224) top2=up (10) cycles=0
GOLDEN infer=19 frame=139 logits=-9,-24,26,-23,-5,-16,-15,-26,-23,-48,-20,-46 probs=-121,-126,96,-126,-118,-125,-124,-127,-126,-128,-126,-128 cksum=6a34533b,77b21432,f9b2a40f,2e7d2c35,d926b144,9331933f,f8e226c5,66ef6056,e3e16c26,7f4ce802,ddc55a14
LAYERS infer=19 conv1=0 dw1=0 pw1=0 dw2=0 pw2=0 dw3=0 pw3=0 dw4=0 pw4=0 avgpool=0 fc=0
MFCC frame=140 -128 0 0 0 0 0 0 0 0 0
MFCCF frame=140 -247.139297 0.000003 -0.000002 -0.000000 -0.000000 0.000000 -0.000000 -0.000004 0.000000 0.000000
PROF frame=140 mfcc_cycles=0
MFCC frame=141 -128 0 0 0 0 0 0 0 0 0
MFCCF frame=141 -247.139297 0.000003 -0.000002 -0.000000 -0.000000 0.000000 -0.000000 -0.000004 0.000000 0.000000
PROF frame=141 mfcc_cycles=0
MFCC frame=142 -128 0 0 0 0 0 0 0 0 0
MFCCF frame=142 -247.139297 0.000003 -0.000002 -0.000000 -0.000000 0.000000 -0.000000 -0.000004 0.000000 0.000000
PROF frame=142 mfcc_cycles=0
MFCC frame=143 -128 0 0 0 0 0 0 0 0 0
MFCCF frame=143 -247.139297 0.000003 -0.000002 -0.000000 -0.000000 0.000000 -0.000000 -0.000004 0.000000 0.000000
PROF frame=143 mfcc_cycles=0
MFCC frame=144 -128 0 0 0 0 0 0 0 0 0
MFCCF frame=144 -247.139297 0.000003 -0.000002 -0.000000 -0.000000 0.000000 -0.000000 -0.000004 0.000000 0.000000
PROF frame=144 mfcc_cycles=0
RESULT infer=20 label=2 score=98 cycles=0
[infer 20] frame=144 t=2880ms top1=yes (226) top2=up (9) cycles=0
GOLDEN infer=20 frame=144 logits=-9,-24,27,-23,-5,-16,-15,-26,-23,-48,-19,-46 probs=-122,-127,98,-126,-119,-125,-125,-127,-126,-128,-126,-128 cksum=284082c9,96247eb3,2f13b063,b928eb94,ad696bf0,839100c0,692af7b5,3aa66611,d604957a,6d5db5d6,45d4c584
LAYERS infer=20 conv1=0 dw1=0 pw1=0 dw2=0 pw2=0 dw3=0 pw3=0 dw4=0 pw4=0 avgpool=0 fc=0
MFCC frame=145 -128 0 0 0 0 0 0 0 0 0
MFCCF frame=145 -247.139297 0.000003 -0.000002 -0.000000 -0.000000 0.000000 -0.000000 -0.000004 0.000000 0.000000
PROF frame=145 mfcc_cycles=0
MFCC frame=146 -128 0 0 0 0 0 0 0 0 0
MFCCF frame=146 -247.139297 0.000003 -0.000002 -0.000000 -0.000000 0.000000 -0.000000 -0.000004 0.000000 0.000000
PROF frame=146 mfcc_cycles=0
MFCC frame=147 -128 0 0 0 0 0 0 0 0 0
MFCCF frame=147 -247.139297 0.000003 -0.000002 -0.000000 -0.000000 0.000000 -0.000000 -0.000004 0.000000 0.000000
PROF frame=147 mfcc_cycles=0
MFCC frame=148 -128 0 0 0 0 0 0 0 0 0
MFCCF frame=148 -247.139297 0.000003 -0.000002 -0.000000 -0.000000 0.000000 -0.000000 -0.000004 0.000000 0.000000
PROF frame=148 mfcc_cycles=0
MFCC frame=149 -128 0 0 0 0 0 0 0 0 0
MFCCF frame=149 -247.139297 0.000003 -0.000002 -0.000000 -0.000000 0.000000 -0.000000 -0.000004 0.000000 0.000000
PROF frame=149 mfcc_cycles=0
RESULT infer=21 label=2 score=95 cycles=0
[infer 21] frame=149 t=2980ms top1=yes (223) top2=up (10) cycles=0
GOLDEN infer=21 frame=149 logits=-9,-24,26,-23,-5,-16,-15,-26,-24,-48,-19,-46 probs=-121,-126,95,-126,-118,-125,-124,-127,-126,-128,-126,-128 cksum=96930ac8,2d9cce08,f1e14c8a,bc56b234,5c1fdc2c,e0d1b6b2,95eabbdf,68ed0a21,fadc2ccd,8624bb35,11a683ec
LAYERS infer=21 conv1=0 dw1=0 pw1=0 dw2=0 pw2=0 dw3=0 pw3=0 dw4=0 pw4=0 avgpool=0 fc=0
CTRL ticks=3000 max_latency_cycles=0 avg_latency_cycles=0 seq_cksum=24a47b23 last_y=1000 last_u=1018
RUN frames=150 inferences=21 total_cycles=300000000 deadline_us=100000 deadline_miss=0 max_infer_cycles=0 overruns=0
