BOOT kws+ctrl
MFCC frame=1 -128 0 0 0 0 0 0 0 0 0
MFCCF frame=1 -247.139297 0.000003 -0.000002 -0.000000 -0.000000 0.000000 -0.000000 -0.000004 0.000000 0.000000
PROF frame=1 mfcc_cycles=0
MFCC frame=2 -128 0 0 0 0 0 0 0 0 0
MFCCF frame=2 -247.139297 0.000003 -0.000002 -0.000000 -0.000000 0.000000 -0.000000 -0.000004 0.000000 0.000000
PROF frame=2 mfcc_cycles=0
MFCC frame=3 -128 0 0 0 0 0 0 0 0 0
MFCCF frame=3 -247.139297 0.000003 -0.000002 -0.000000 -0.000000 0.000000 -0.000000 -0.000004 0.000000 0.000000
PROF frame=3 mfcc_cycles=0
MFCC frame=4 -128 0 0 0 0 0 0 0 0 0
MFCCF frame=4 -247.139297 0.000003 -0.000002 -0.000000 -0.000000 0.000000 -0.000000 -0.000004 0.000000 0.000000
PROF frame=4 mfcc_cycles=0
MFCC frame=5 -128 0 0 0 0 0 0 0 0 0
MFCCF frame=5 -247.139297 0.000003 -0.000002 -0.000000 -0.000000 0.000000 -0.000000 -0.000004 0.000000 0.000000
PROF frame=5 mfcc_cycles=0
MFCC frame=6 -128 0 0 0 0 0 0 0 0 0
MFCCF frame=6 -247.139297 0.000003 -0.000002 -0.000000 -0.000000 0.000000 -0.000000 -0.000004 0.000000 0.000000
PROF frame=6 mfcc_cycles=0
MFCC frame=7 -128 0 0 0 0 0 0 0 0 0
MFCCF frame=7 -247.139297 0.000003 -0.000002 -0.000000 -0.000000 0.000000 -0.000000 -0.000004 0.000000 0.000000
PROF frame=7 mfcc_cycles=0
MFCC frame=8 -128 0 0 0 0 0 0 0 0 0
MFCCF frame=8 -247.139297 0.000003 -0.000002 -0.000000 -0.000000 0.000000 -0.000000 -0.000004 0.000000 0.000000
PROF frame=8 mfcc_cycles=0
MFCC frame=9 -128 0 0 0 0 0 0 0 0 0
MFCCF frame=9 -247.139297 0.000003 -0.000002 -0.000000 -0.000000 0.000000 -0.000000 -0.000004 0.000000 0.000000
PROF frame=9 mfcc_cycles=0
MFCC frame=10 -128 0 0 0 0 0 0 0 0 0
MFCCF frame=10 -247.139297 0.000003 -0.000002 -0.000000 -0.000000 0.000000 -0.000000 -0.000004 0.000000 0.000000
PROF frame=10 mfcc_cycles=0
MFCC frame=11 -128 0 0 0 0 0 0 0 0 0
MFCCF frame=11 -247.139297 0.000003 -0.000002 -0.000000 -0.000000 0.000000 -0.000000 -0.000004 0.000000 0.000000
PROF frame=11 mfcc_cycles=0
MFCC frame=12 -128 0 0 0 0 0 0 0 0 0
MFCCF frame=12 -247.139297 0.000003 -0.000002 -0.000000 -0.000000 0.000000 -0.000000 -0.000004 0.000000 0.000000
PROF frame=12 mfcc_cycles=0
MFCC frame=13 -128 0 0 0 0 0 0 0 0 0
MFCCF frame=13 -247.139297 0.000003 -0.000002 -0.000000 -0.000000 0.000000 -0.000000 -0.000004 0.000000 0.000000
PROF frame=13 mfcc_cycles=0
MFCC frame=14 -128 0 0 0 0 0 0 0 0 0
MFCCF frame=14 -247.139297 0.000003 -0.000002 -0.000000 -0.000000 0.000000 -0.000000 -0.000004 0.000000 0.000000
PROF frame=14 mfcc_cycles=0
MFCC frame=15 34 4 -10 -2 4 2 -2 -2 1 2
MFCCF frame=15 16.766424 1.979689 -5.221762 -1.192862 1.763478 1.158813 -1.151786 -1.066263 0.476918 0.939436
PROF frame=15 mfcc_cycles=0
MFCC frame=16 -84 10 -31 -7 12 8 -8 -6 2 8
MFCCF frame=16 -42.029243 5.226559 -15.677274 -3.605856 5.950559 4.226705 -4.178729 -2.908900 1.042796 3.902472
PROF frame=16 mfcc_cycles=0
MFCC frame=17 -84 10 -31 -7 12 8 -8 -6 2 8
MFCCF frame=17 -42.029243 5.226559 -15.677274 -3.605856 5.950559 4.226705 -4.178729 -2.908900 1.042796 3.902472
PROF frame=17 mfcc_cycles=0
MFCC frame=18 -84 10 -31 -7 12 8 -8 -6 2 8
MFCCF frame=18 -42.029243 5.226559 -15.677274 -3.605856 5.950559 4.226705 -4.178729 -2.908900 1.042796 3.902472
PROF frame=18 mfcc_cycles=0
MFCC frame=19 -84 10 -31 -7 12 8 -8 -6 2 8
MFCCF frame=19 -42.029243 5.226559 -15.677274 -3.605856 5.950559 4.226705 -4.178729 -2.908900 1.042796 3.902472
PROF frame=19 mfcc_cycles=0
MFCC frame=20 -84 10 -31 -7 12 8 -8 -6 2 8
MFCCF frame=20 -42.029243 5.226559 -15.677274 -3.605856 5.950559 4.226705 -4.178729 -2.908900 1.042796 3.902472
PROF frame=20 mfcc_cycles=0
MFCC frame=21 -84 10 -31 -7 12 8 -8 -6 2 8
MFCCF frame=21 -42.029243 5.226559 -15.677274 -3.605856 5.950559 4.226705 -4.178729 -2.908900 1.042796 3.902472
PROF frame=21 mfcc_cycles=0
MFCC frame=22 -84 10 -31 -7 12 8 -8 -6 2 8
MFCCF frame=22 -42.029243 5.226559 -15.677274 -3.605856 5.950559 4.226705 -4.178729 -2.908900 1.042796 3.902472
PROF frame=22 mfcc_cycles=0
MFCC frame=23 -84 10 -31 -7 12 8 -8 -6 2 8
MFCCF frame=23 -42.029243 5.226559 -15.677274 -3.605856 5.950559 4.226705 -4.178729 -2.908900 1.042796 3.902472
PROF frame=23 mfcc_cycles=0
MFCC frame=24 -84 10 -31 -7 12 8 -8 -6 2 8
MFCCF frame=24 -42.029243 5.226559 -15.677274 -3.605856 5.950559 4.226705 -4.178729 -2.908900 1.042796 3.902472
PROF frame=24 mfcc_cycles=0
MFCC frame=25 -84 10 -31 -7 12 8 -8 -6 2 8
MFCCF frame=25 -42.029243 5.226559 -15.677274 -3.605856 5.950559 4.226705 -4.178729 -2.908900 1.042796 3.902472
PROF frame=25 mfcc_cycles=0
MFCC frame=26 -84 10 -31 -7 12 8 -8 -6 2 8
MFCCF frame=26 -42.029243 5.226559 -15.677274 -3.605856 5.950559 4.226705 -4.178729 -2.908900 1.042796 3.902472
PROF frame=26 mfcc_cycles=0
MFCC frame=27 -84 10 -31 -7 12 8 -8 -6 2 8
MFCCF frame=27 -42.029243 5.226559 -15.677274 -3.605856 5.950559 4.226705 -4.178729 -2.908900 1.042796 3.902472
PROF frame=27 mfcc_cycles=0
MFCC frame=28 -84 10 -31 -7 12 8 -8 -6 2 8
MFCCF frame=28 -42.029243 5.226559 -15.677274 -3.605856 5.950559 4.226705 -4.178729 -2.908900 1.042796 3.902472
PROF frame=28 mfcc_cycles=0
MFCC frame=29 -84 10 -31 -7 12 8 -8 -6 2 8
MFCCF frame=29 -42.029243 5.226559 -15.677274 -3.605856 5.950559 4.226705 -4.178729 -2.908900 1.042796 3.902472
PROF frame=29 mfcc_cycles=0
MFCC frame=30 34 4 -10 -2 4 2 -2 -2 1 2
MFCCF frame=30 16.766424 1.979689 -5.221762 -1.192862 1.763479 1.158813 -1.151786 -1.066263 0.476918 0.939436
PROF frame=30 mfcc_cycles=0
MFCC frame=31 -128 0 0 0 0 0 0 0 0 0
MFCCF frame=31 -247.139297 0.000003 -0.000002 -0.000000 -0.000000 0.000000 -0.000000 -0.000004 0.000000 0.000000
PROF frame=31 mfcc_cycles=0
MFCC frame=32 -128 0 0 0 0 0 0 0 0 0
MFCCF frame=32 -247.139297 0.000003 -0.000002 -0.000000 -0.000000 0.000000 -0.000000 -0.000004 0.000000 0.000000
PROF frame=32 mfcc_cycles=0
MFCC frame=33 -128 0 0 0 0 0 0 0 0 0
MFCCF frame=33 -247.139297 0.000003 -0.000002 -0.000000 -0.000000 0.000000 -0.000000 -0.000004 0.000000 0.000000
PROF frame=33 mfcc_cycles=0
MFCC frame=34 -128 0 0 0 0 0 0 0 0 0
MFCCF frame=34 -247.139297 0.000003 -0.000002 -0.000000 -0.000000 0.000000 -0.000000 -0.000004 0.000000 0.000000
PROF frame=34 mfcc_cycles=0
MFCC frame=35 -128 0 0 0 0 0 0 0 0 0
MFCCF frame=35 -247.139297 0.000003 -0.000002 -0.000000 -0.000000 0.000000 -0.000000 -0.000004 0.000000 0.000000
PROF frame=35 mfcc_cycles=0
MFCC frame=36 -128 0 0 0 0 0 0 0 0 0
MFCCF frame=36 -247.139297 0.000003 -0.000002 -0.000000 -0.000000 0.000000 -0.000000 -0.000004 0.000000 0.000000
PROF frame=36 mfcc_cycles=0
MFCC frame=37 -128 0 0 0 0 0 0 0 0 0
MFCCF frame=37 -247.139297 0.000003 -0.000002 -0.000000 -0.000000 0.000000 -0.000000 -0.000004 0.000000 0.000000
PROF frame=37 mfcc_cycles=0
MFCC frame=38 -128 0 0 0 0 0 0 0 0 0
MFCCF frame=38 -247.139297 0.000003 -0.000002 -0.000000 -0.000000 0.000000 -0.000000 -0.000004 0.000000 0.000000
PROF frame=38 mfcc_cycles=0
MFCC frame=39 -128 0 0 0 0 0 0 0 0 0
MFCCF frame=39 -247.139297 0.000003 -0.000002 -0.000000 -0.000000 0.000000 -0.000000 -0.000004 0.000000 0.000000
PROF frame=39 mfcc_cycles=0
MFCC frame=40 -128 0 0 0 0 0 0 0 0 0
MFCCF frame=40 -247.139297 0.000003 -0.000002 -0.000000 -0.000000 0.000000 -0.000000 -0.000004 0.000000 0.000000
PROF frame=40 mfcc_cycles=0
MFCC frame=41 -128 0 0 0 0 0 0 0 0 0
MFCCF frame=41 -247.139297 0.000003 -0.000002 -0.000000 -0.000000 0.000000 -0.000000 -0.000004 0.000000 0.000000
PROF frame=41 mfcc_cycles=0
MFCC frame=42 -128 0 0 0 0 0 0 0 0 0
MFCCF frame=42 -247.139297 0.000003 -0.000002 -0.000000 -0.000000 0.000000 -0.000000 -0.000004 0.000000 0.000000
PROF frame=42 mfcc_cycles=0
MFCC frame=43 -128 0 0 0 0 0 0 0 0 0
MFCCF frame=43 -247.139297 0.000003 -0.000002 -0.000000 -0.000000 0.000000 -0.000000 -0.000004 0.000000 0.000000
PROF frame=43 mfcc_cycles=0
MFCC frame=44 -128 0 0 0 0 0 0 0 0 0
MFCCF frame=44 -247.139297 0.000003 -0.000002 -0.000000 -0.000000 0.000000 -0.000000 -0.000004 0.000000 0.000000
PROF frame=44 mfcc_cycles=0
MFCC frame=45 -128 0 0 0 0 0 0 0 0 0
MFCCF frame=45 -247.139297 0.000003 -0.000002 -0.000000 -0.000000 0.000000 -0.000000 -0.000004 0.000000 0.000000
PROF frame=45 mfcc_cycles=0
MFCC frame=46 -128 0 0 0 0 0 0 0 0 0
MFCCF frame=46 -247.139297 0.000003 -0.000002 -0.000000 -0.000000 0.000000 -0.000000 -0.000004 0.000000 0.000000
PROF frame=46 mfcc_cycles=0
MFCC frame=47 -128 0 0 0 0 0 0 0 0 0
MFCCF frame=47 -247.139297 0.000003 -0.000002 -0.000000 -0.000000 0.000000 -0.000000 -0.000004 0.000000 0.000000
PROF frame=47 mfcc_cycles=0
MFCC frame=48 -128 0 0 0 0 0 0 0 0 0
MFCCF frame=48 -247.139297 0.000003 -0.000002 -0.000000 -0.000000 0.000000 -0.000000 -0.000004 0.000000 0.000000
PROF frame=48 mfcc_cycles=0
MFCC frame=49 -128 0 0 0 0 0 0 0 0 0
MFCCF frame=49 -247.139297 0.000003 -0.000002 -0.000000 -0.000000 0.000000 -0.000000 -0.000004 0.000000 0.000000
PROF frame=49 mfcc_cycles=0
RESULT infer=1 label=2 score=95 cycles=0
[infer 1] frame=49 t=980ms top1=yes (223) top2=up (10) cycles=0
GOLDEN infer=1 frame=49 logits=-9,-24,26,-23,-5,-16,-15,-26,-24,-48,-19,-46 probs=-121,-126,95,-126,-118,-125,-124,-127,-126,-128,-126,-128 cksum=0ba8a162,34e63663,0c89c1a6,34452967,be46e967,904a9111,afad4f6c,d192ede3,b136c1e9,f159fefa,11a683ec
LAYERS infer=1 conv1=0 dw1=0 pw1=0 dw2=0 pw2=0 dw3=0 pw3=0 dw4=0 pw4=0 avgpool=0 fc=0
CTRL ticks=1000 max_latency_cycles=0 avg_latency_cycles=0 seq_cksum=f43e7aa3 last_y=1000 last_u=1018
RUN frames=50 inferences=1 total_cycles=100000000 deadline_us=100000 deadline_miss=0 max_infer_cycles=0 overruns=0
