BOOT kws+ctrl
MFCC frame=1 -78 30 2 -15 -15 -9 -3 4 7 5
MFCCF frame=1 -38.755287 15.152886 0.865249 -7.532556 -7.655658 -4.726480 -1.409016 1.889541 3.550625 2.336628
PROF frame=1 mfcc_cycles=0
MFCC frame=2 -77 30 1 -15 -15 -10 -3 4 7 5
MFCCF frame=2 -38.592628 14.888745 0.502274 -7.546065 -7.718285 -4.926432 -1.468084 1.833502 3.441325 2.346451
PROF frame=2 mfcc_cycles=0
MFCC frame=3 -77 30 1 -15 -15 -10 -3 4 7 5
MFCCF frame=3 -38.592316 14.888153 0.503612 -7.547814 -7.716930 -4.926608 -1.468963 1.834887 3.440090 2.347221
PROF frame=3 mfcc_cycles=0
MFCC frame=4 -78 30 2 -15 -15 -9 -3 4 7 5
MFCCF frame=4 -38.754681 15.152174 0.865800 -7.532017 -7.657377 -4.724774 -1.409323 1.888454 3.551910 2.336206
PROF frame=4 mfcc_cycles=0
MFCC frame=5 -77 29 0 -15 -16 -10 -3 4 7 4
MFCCF frame=5 -38.712963 14.686408 0.200137 -7.701477 -7.824416 -5.137519 -1.637295 1.789439 3.288517 2.229655
PROF frame=5 mfcc_cycles=0
MFCC frame=6 -78 30 2 -15 -15 -9 -3 4 7 5
MFCCF frame=6 -38.755287 15.152886 0.865249 -7.532556 -7.655658 -4.726480 -1.409016 1.889541 3.550625 2.336628
PROF frame=6 mfcc_cycles=0
MFCC frame=7 -77 30 1 -15 -15 -10 -3 4 7 5
MFCCF frame=7 -38.592628 14.888745 0.502274 -7.546065 -7.718285 -4.926432 -1.468084 1.833502 3.441325 2.346451
PROF frame=7 mfcc_cycles=0
MFCC frame=8 -77 30 1 -15 -15 -10 -3 4 7 5
MFCCF frame=8 -38.592316 14.888153 0.503612 -7.547814 -7.716930 -4.926608 -1.468963 1.834887 3.440090 2.347221
PROF frame=8 mfcc_cycles=0
MFCC frame=9 -78 30 2 -15 -15 -9 -3 4 7 5
MFCCF frame=9 -38.754681 15.152174 0.865800 -7.532017 -7.657377 -4.724774 -1.409323 1.888454 3.551910 2.336206
PROF frame=9 mfcc_cycles=0
MFCC frame=10 -77 29 0 -15 -16 -10 -3 4 7 4
MFCCF frame=10 -38.712963 14.686408 0.200137 -7.701477 -7.824416 -5.137519 -1.637295 1.789439 3.288517 2.229655
PROF frame=10 mfcc_cycles=0
MFCC frame=11 -78 30 2 -15 -15 -9 -3 4 7 5
MFCCF frame=11 -38.755287 15.152886 0.865249 -7.532556 -7.655658 -4.726480 -1.409016 1.889541 3.550625 2.336628
PROF frame=11 mfcc_cycles=0
MFCC frame=12 -77 30 1 -15 -15 -10 -3 4 7 5
MFCCF frame=12 -38.592628 14.888745 0.502274 -7.546065 -7.718285 -4.926432 -1.468084 1.833502 3.441325 2.346451
PROF frame=12 mfcc_cycles=0
MFCC frame=13 -77 30 1 -15 -15 -10 -3 4 7 5
MFCCF frame=13 -38.592316 14.888153 0.503612 -7.547814 -7.716930 -4.926608 -1.468963 1.834887 3.440090 2.347221
PROF frame=13 mfcc_cycles=0
MFCC frame=14 -78 30 2 -15 -15 -9 -3 4 7 5
MFCCF frame=14 -38.754681 15.152174 0.865800 -7.532017 -7.657377 -4.724774 -1.409323 1.888454 3.551910 2.336206
PROF frame=14 mfcc_cycles=0
MFCC frame=15 -77 29 0 -15 -16 -10 -3 4 7 4
MFCCF frame=15 -38.712963 14.686408 0.200137 -7.701477 -7.824416 -5.137519 -1.637295 1.789439 3.288517 2.229655
PROF frame=15 mfcc_cycles=0
MFCC frame=16 -78 30 2 -15 -15 -9 -3 4 7 5
MFCCF frame=16 -38.755287 15.152886 0.865249 -7.532556 -7.655658 -4.726480 -1.409016 1.889541 3.550625 2.336628
PROF frame=16 mfcc_cycles=0
MFCC frame=17 -77 30 1 -15 -15 -10 -3 4 7 5
MFCCF frame=17 -38.592628 14.888745 0.502274 -7.546065 -7.718285 -4.926432 -1.468084 1.833502 3.441325 2.346451
PROF frame=17 mfcc_cycles=0
MFCC frame=18 -77 30 1 -15 -15 -10 -3 4 7 5
MFCCF frame=18 -38.592316 14.888153 0.503612 -7.547814 -7.716930 -4.926608 -1.468963 1.834887 3.440090 2.347221
PROF frame=18 mfcc_cycles=0
MFCC frame=19 -78 30 2 -15 -15 -9 -3 4 7 5
MFCCF frame=19 -38.754681 15.152174 0.865800 -7.532017 -7.657377 -4.724774 -1.409323 1.888454 3.551910 2.336206
PROF frame=19 mfcc_cycles=0
MFCC frame=20 -77 29 0 -15 -16 -10 -3 4 7 4
MFCCF frame=20 -38.712963 14.686408 0.200137 -7.701477 -7.824416 -5.137519 -1.637295 1.789439 3.288517 2.229655
PROF frame=20 mfcc_cycles=0
MFCC frame=21 -78 30 2 -15 -15 -9 -3 4 7 5
MFCCF frame=21 -38.755287 15.152886 0.865249 -7.532556 -7.655658 -4.726480 -1.409016 1.889541 3.550625 2.336628
PROF frame=21 mfcc_cycles=0
MFCC frame=22 -77 30 1 -15 -15 -10 -3 4 7 5
MFCCF frame=22 -38.592628 14.888745 0.502274 -7.546065 -7.718285 -4.926432 -1.468084 1.833502 3.441325 2.346451
PROF frame=22 mfcc_cycles=0
MFCC frame=23 -77 30 1 -15 -15 -10 -3 4 7 5
MFCCF frame=23 -38.592316 14.888153 0.503612 -7.547814 -7.716930 -4.926608 -1.468963 1.834887 3.440090 2.347221
PROF frame=23 mfcc_cycles=0
MFCC frame=24 -78 30 2 -15 -15 -9 -3 4 7 5
MFCCF frame=24 -38.754681 15.152174 0.865800 -7.532017 -7.657377 -4.724774 -1.409323 1.888454 3.551910 2.336206
PROF frame=24 mfcc_cycles=0
MFCC frame=25 -77 29 0 -15 -16 -10 -3 4 7 4
MFCCF frame=25 -38.712963 14.686408 0.200137 -7.701477 -7.824416 -5.137519 -1.637295 1.789439 3.288517 2.229655
PROF frame=25 mfcc_cycles=0
MFCC frame=26 -78 30 2 -15 -15 -9 -3 4 7 5
MFCCF frame=26 -38.755287 15.152886 0.865249 -7.532556 -7.655658 -4.726480 -1.409016 1.889541 3.550625 2.336628
PROF frame=26 mfcc_cycles=0
MFCC frame=27 -77 30 1 -15 -15 -10 -3 4 7 5
MFCCF frame=27 -38.592628 14.888745 0.502274 -7.546065 -7.718285 -4.926432 -1.468084 1.833502 3.441325 2.346451
PROF frame=27 mfcc_cycles=0
MFCC frame=28 -77 30 1 -15 -15 -10 -3 4 7 5
MFCCF frame=28 -38.592316 14.888153 0.503612 -7.547814 -7.716930 -4.926608 -1.468963 1.834887 3.440090 2.347221
PROF frame=28 mfcc_cycles=0
MFCC frame=29 -78 30 2 -15 -15 -9 -3 4 7 5
MFCCF frame=29 -38.754681 15.152174 0.865800 -7.532017 -7.657377 -4.724774 -1.409323 1.888454 3.551910 2.336206
PROF frame=29 mfcc_cycles=0
MFCC frame=30 -77 29 0 -15 -16 -10 -3 4 7 4
MFCCF frame=30 -38.712963 14.686408 0.200137 -7.701477 -7.824416 -5.137519 -1.637295 1.789439 3.288517 2.229655
PROF frame=30 mfcc_cycles=0
MFCC frame=31 -78 30 2 -15 -15 -9 -3 4 7 5
MFCCF frame=31 -38.755287 15.152886 0.865249 -7.532556 -7.655658 -4.726480 -1.409016 1.889541 3.550625 2.336628
PROF frame=31 mfcc_cycles=0
MFCC frame=32 -77 30 1 -15 -15 -10 -3 4 7 5
MFCCF frame=32 -38.592628 14.888745 0.502274 -7.546065 -7.718285 -4.926432 -1.468084 1.833502 3.441325 2.346451
PROF frame=32 mfcc_cycles=0
MFCC frame=33 -77 30 1 -15 -15 -10 -3 4 7 5
MFCCF frame=33 -38.592316 14.888153 0.503612 -7.547814 -7.716930 -4.926608 -1.468963 1.834887 3.440090 2.347221
PROF frame=33 mfcc_cycles=0
MFCC frame=34 -78 30 2 -15 -15 -9 -3 4 7 5
MFCCF frame=34 -38.754681 15.152174 0.865800 -7.532017 -7.657377 -4.724774 -1.409323 1.888454 3.551910 2.336206
PROF frame=34 mfcc_cycles=0
MFCC frame=35 -77 29 0 -15 -16 -10 -3 4 7 4
MFCCF frame=35 -38.712963 14.686408 0.200137 -7.701477 -7.824416 -5.137519 -1.637295 1.789439 3.288517 2.229655
PROF frame=35 mfcc_cycles=0
MFCC frame=36 -78 30 2 -15 -15 -9 -3 4 7 5
MFCCF frame=36 -38.755287 15.152886 0.865249 -7.532556 -7.655658 -4.726480 -1.409016 1.889541 3.550625 2.336628
PROF frame=36 mfcc_cycles=0
MFCC frame=37 -77 30 1 -15 -15 -10 -3 4 7 5
MFCCF frame=37 -38.592628 14.888745 0.502274 -7.546065 -7.718285 -4.926432 -1.468084 1.833502 3.441325 2.346451
PROF frame=37 mfcc_cycles=0
MFCC frame=38 -77 30 1 -15 -15 -10 -3 4 7 5
MFCCF frame=38 -38.592316 14.888153 0.503612 -7.547814 -7.716930 -4.926608 -1.468963 1.834887 3.440090 2.347221
PROF frame=38 mfcc_cycles=0
MFCC frame=39 -78 30 2 -15 -15 -9 -3 4 7 5
MFCCF frame=39 -38.754681 15.152174 0.865800 -7.532017 -7.657377 -4.724774 -1.409323 1.888454 3.551910 2.336206
PROF frame=39 mfcc_cycles=0
MFCC frame=40 -77 29 0 -15 -16 -10 -3 4 7 4
MFCCF frame=40 -38.712963 14.686408 0.200137 -7.701477 -7.824416 -5.137519 -1.637295 1.789439 3.288517 2.229655
PROF frame=40 mfcc_cycles=0
MFCC frame=41 -78 30 2 -15 -15 -9 -3 4 7 5
MFCCF frame=41 -38.755287 15.152886 0.865249 -7.532556 -7.655658 -4.726480 -1.409016 1.889541 3.550625 2.336628
PROF frame=41 mfcc_cycles=0
MFCC frame=42 -77 30 1 -15 -15 -10 -3 4 7 5
MFCCF frame=42 -38.592628 14.888745 0.502274 -7.546065 -7.718285 -4.926432 -1.468084 1.833502 3.441325 2.346451
PROF frame=42 mfcc_cycles=0
MFCC frame=43 -77 30 1 -15 -15 -10 -3 4 7 5
MFCCF frame=43 -38.592316 14.888153 0.503612 -7.547814 -7.716930 -4.926608 -1.468963 1.834887 3.440090 2.347221
PROF frame=43 mfcc_cycles=0
MFCC frame=44 -78 30 2 -15 -15 -9 -3 4 7 5
MFCCF frame=44 -38.754681 15.152174 0.865800 -7.532017 -7.657377 -4.724774 -1.409323 1.888454 3.551910 2.336206
PROF frame=44 mfcc_cycles=0
MFCC frame=45 -77 29 0 -15 -16 -10 -3 4 7 4
MFCCF frame=45 -38.712963 14.686408 0.200137 -7.701477 -7.824416 -5.137519 -1.637295 1.789439 3.288517 2.229655
PROF frame=45 mfcc_cycles=0
MFCC frame=46 -78 30 2 -15 -15 -9 -3 4 7 5
MFCCF frame=46 -38.755287 15.152886 0.865249 -7.532556 -7.655658 -4.726480 -1.409016 1.889541 3.550625 2.336628
PROF frame=46 mfcc_cycles=0
MFCC frame=47 -77 30 1 -15 -15 -10 -3 4 7 5
MFCCF frame=47 -38.592628 14.888745 0.502274 -7.546065 -7.718285 -4.926432 -1.468084 1.833502 3.441325 2.346451
PROF frame=47 mfcc_cycles=0
MFCC frame=48 -77 30 1 -15 -15 -10 -3 4 7 5
MFCCF frame=48 -38.592316 14.888153 0.503612 -7.547814 -7.716930 -4.926608 -1.468963 1.834887 3.440090 2.347221
PROF frame=48 mfcc_cycles=0
MFCC frame=49 -78 30 2 -15 -15 -9 -3 4 7 5
MFCCF frame=49 -38.754681 15.152174 0.865800 -7.532017 -7.657377 -4.724774 -1.409323 1.888454 3.551910 2.336206
PROF frame=49 mfcc_cycles=0
RESULT infer=1 label=2 score=98 cycles=0
[infer 1] frame=49 t=980ms top1=yes (226) top2=up (9) cycles=0
GOLDEN infer=1 frame=49 logits=-9,-24,27,-23,-5,-16,-15,-26,-24,-48,-19,-46 probs=-122,-127,98,-126,-119,-125,-125,-127,-127,-128,-126,-128 cksum=1b817ce9,69e70253,fa5fe096,1909d466,fbd17ee6,3353f41e,2c3b5aa2,900ed549,d5ffe2df,6d6a81c9,37303a41
LAYERS infer=1 conv1=0 dw1=0 pw1=0 dw2=0 pw2=0 dw3=0 pw3=0 dw4=0 pw4=0 avgpool=0 fc=0
CTRL ticks=1000 max_latency_cycles=0 avg_latency_cycles=0 seq_cksum=f43e7aa3 last_y=1000 last_u=1018
RUN frames=50 inferences=1 total_cycles=100000000 deadline_us=100000 deadline_miss=0 max_infer_cycles=0 overruns=0
