BOOT kws+ctrl
MFCC frame=1 -63 13 23 2 -25 5 -19 -6 -2 -5
MFCCF frame=1 -31.514509 6.471148 11.329426 1.208707 -12.533504 2.744162 -9.324349 -2.812001 -0.885123 -2.270325
PROF frame=1 mfcc_cycles=0
MFCC frame=2 -63 13 23 2 -25 5 -19 -6 -2 -5
MFCCF frame=2 -31.514509 6.471148 11.329426 1.208707 -12.533504 2.744162 -9.324349 -2.812001 -0.885123 -2.270325
PROF frame=2 mfcc_cycles=0
MFCC frame=3 -63 13 23 2 -25 5 -19 -6 -2 -5
MFCCF frame=3 -31.514509 6.471148 11.329426 1.208707 -12.533504 2.744162 -9.324349 -2.812001 -0.885123 -2.270325
PROF frame=3 mfcc_cycles=0
MFCC frame=4 -63 13 23 2 -25 5 -19 -6 -2 -5
MFCCF frame=4 -31.514509 6.471148 11.329426 1.208707 -12.533504 2.744162 -9.324349 -2.812001 -0.885123 -2.270325
PROF frame=4 mfcc_cycles=0
MFCC frame=5 -63 13 23 2 -25 5 -19 -6 -2 -5
MFCCF frame=5 -31.514509 6.471148 11.329426 1.208707 -12.533504 2.744162 -9.324349 -2.812001 -0.885123 -2.270325
PROF frame=5 mfcc_cycles=0
MFCC frame=6 -63 13 23 2 -25 5 -19 -6 -2 -5
MFCCF frame=6 -31.514509 6.471148 11.329426 1.208707 -12.533504 2.744162 -9.324349 -2.812001 -0.885123 -2.270325
PROF frame=6 mfcc_cycles=0
MFCC frame=7 -63 13 23 2 -25 5 -19 -6 -2 -5
MFCCF frame=7 -31.514509 6.471148 11.329426 1.208707 -12.533504 2.744162 -9.324349 -2.812001 -0.885123 -2.270325
PROF frame=7 mfcc_cycles=0
MFCC frame=8 -63 13 23 2 -25 5 -19 -6 -2 -5
MFCCF frame=8 -31.514509 6.471148 11.329426 1.208707 -12.533504 2.744162 -9.324349 -2.812001 -0.885123 -2.270325
PROF frame=8 mfcc_cycles=0
MFCC frame=9 -63 13 23 2 -25 5 -19 -6 -2 -5
MFCCF frame=9 -31.514509 6.471148 11.329426 1.208707 -12.533504 2.744162 -9.324349 -2.812001 -0.885123 -2.270325
PROF frame=9 mfcc_cycles=0
MFCC frame=10 -63 13 23 2 -25 5 -19 -6 -2 -5
MFCCF frame=10 -31.514509 6.471148 11.329426 1.208707 -12.533504 2.744162 -9.324349 -2.812001 -0.885123 -2.270325
PROF frame=10 mfcc_cycles=0
MFCC frame=11 -63 13 23 2 -25 5 -19 -6 -2 -5
MFCCF frame=11 -31.514509 6.471148 11.329426 1.208707 -12.533504 2.744162 -9.324349 -2.812001 -0.885123 -2.270325
PROF frame=11 mfcc_cycles=0
MFCC frame=12 -63 13 23 2 -25 5 -19 -6 -2 -5
MFCCF frame=12 -31.514509 6.471148 11.329426 1.208707 -12.533504 2.744162 -9.324349 -2.812001 -0.885123 -2.270325
PROF frame=12 mfcc_cycles=0
MFCC frame=13 -63 13 23 2 -25 5 -19 -6 -2 -5
MFCCF frame=13 -31.514509 6.471148 11.329426 1.208707 -12.533504 2.744162 -9.324349 -2.812001 -0.885123 -2.270325
PROF frame=13 mfcc_cycles=0
MFCC frame=14 -63 13 23 2 -25 5 -19 -6 -2 -5
MFCCF frame=14 -31.514509 6.471148 11.329426 1.208707 -12.533504 2.744162 -9.324349 -2.812001 -0.885123 -2.270325
PROF frame=14 mfcc_cycles=0
MFCC frame=15 -63 13 23 2 -25 5 -19 -6 -2 -5
MFCCF frame=15 -31.514509 6.471148 11.329426 1.208707 -12.533504 2.744162 -9.324349 -2.812001 -0.885123 -2.270325
PROF frame=15 mfcc_cycles=0
MFCC frame=16 -63 13 23 2 -25 5 -19 -6 -2 -5
MFCCF frame=16 -31.514509 6.471148 11.329426 1.208707 -12.533504 2.744162 -9.324349 -2.812001 -0.885123 -2.270325
PROF frame=16 mfcc_cycles=0
MFCC frame=17 -63 13 23 2 -25 5 -19 -6 -2 -5
MFCCF frame=17 -31.514509 6.471148 11.329426 1.208707 -12.533504 2.744162 -9.324349 -2.812001 -0.885123 -2.270325
PROF frame=17 mfcc_cycles=0
MFCC frame=18 -63 13 23 2 -25 5 -19 -6 -2 -5
MFCCF frame=18 -31.514509 6.471148 11.329426 1.208707 -12.533504 2.744162 -9.324349 -2.812001 -0.885123 -2.270325
PROF frame=18 mfcc_cycles=0
MFCC frame=19 -63 13 23 2 -25 5 -19 -6 -2 -5
MFCCF frame=19 -31.514509 6.471148 11.329426 1.208707 -12.533504 2.744162 -9.324349 -2.812001 -0.885123 -2.270325
PROF frame=19 mfcc_cycles=0
MFCC frame=20 -63 13 23 2 -25 5 -19 -6 -2 -5
MFCCF frame=20 -31.514509 6.471148 11.329426 1.208707 -12.533504 2.744162 -9.324349 -2.812001 -0.885123 -2.270325
PROF frame=20 mfcc_cycles=0
MFCC frame=21 -63 13 23 2 -25 5 -19 -6 -2 -5
MFCCF frame=21 -31.514509 6.471148 11.329426 1.208707 -12.533504 2.744162 -9.324349 -2.812001 -0.885123 -2.270325
PROF frame=21 mfcc_cycles=0
MFCC frame=22 -63 13 23 2 -25 5 -19 -6 -2 -5
MFCCF frame=22 -31.514509 6.471148 11.329426 1.208707 -12.533504 2.744162 -9.324349 -2.812001 -0.885123 -2.270325
PROF frame=22 mfcc_cycles=0
MFCC frame=23 -63 13 23 2 -25 5 -19 -6 -2 -5
MFCCF frame=23 -31.514509 6.471148 11.329426 1.208707 -12.533504 2.744162 -9.324349 -2.812001 -0.885123 -2.270325
PROF frame=23 mfcc_cycles=0
MFCC frame=24 -63 13 23 2 -25 5 -19 -6 -2 -5
MFCCF frame=24 -31.514509 6.471148 11.329426 1.208707 -12.533504 2.744162 -9.324349 -2.812001 -0.885123 -2.270325
PROF frame=24 mfcc_cycles=0
MFCC frame=25 -63 13 23 2 -25 5 -19 -6 -2 -5
MFCCF frame=25 -31.514509 6.471148 11.329426 1.208707 -12.533504 2.744162 -9.324349 -2.812001 -0.885123 -2.270325
PROF frame=25 mfcc_cycles=0
MFCC frame=26 -63 13 23 2 -25 5 -19 -6 -2 -5
MFCCF frame=26 -31.514509 6.471148 11.329426 1.208707 -12.533504 2.744162 -9.324349 -2.812001 -0.885123 -2.270325
PROF frame=26 mfcc_cycles=0
MFCC frame=27 -63 13 23 2 -25 5 -19 -6 -2 -5
MFCCF frame=27 -31.514509 6.471148 11.329426 1.208707 -12.533504 2.744162 -9.324349 -2.812001 -0.885123 -2.270325
PROF frame=27 mfcc_cycles=0
MFCC frame=28 -63 13 23 2 -25 5 -19 -6 -2 -5
MFCCF frame=28 -31.514509 6.471148 11.329426 1.208707 -12.533504 2.744162 -9.324349 -2.812001 -0.885123 -2.270325
PROF frame=28 mfcc_cycles=0
MFCC frame=29 -63 13 23 2 -25 5 -19 -6 -2 -5
MFCCF frame=29 -31.514509 6.471148 11.329426 1.208707 -12.533504 2.744162 -9.324349 -2.812001 -0.885123 -2.270325
PROF frame=29 mfcc_cycles=0
MFCC frame=30 -63 13 23 2 -25 5 -19 -6 -2 -5
MFCCF frame=30 -31.514509 6.471148 11.329426 1.208707 -12.533504 2.744162 -9.324349 -2.812001 -0.885123 -2.270325
PROF frame=30 mfcc_cycles=0
MFCC frame=31 -63 13 23 2 -25 5 -19 -6 -2 -5
MFCCF frame=31 -31.514509 6.471148 11.329426 1.208707 -12.533504 2.744162 -9.324349 -2.812001 -0.885123 -2.270325
PROF frame=31 mfcc_cycles=0
MFCC frame=32 -63 13 23 2 -25 5 -19 -6 -2 -5
MFCCF frame=32 -31.514509 6.471148 11.329426 1.208707 -12.533504 2.744162 -9.324349 -2.812001 -0.885123 -2.270325
PROF frame=32 mfcc_cycles=0
MFCC frame=33 -63 13 23 2 -25 5 -19 -6 -2 -5
MFCCF frame=33 -31.514509 6.471148 11.329426 1.208707 -12.533504 2.744162 -9.324349 -2.812001 -0.885123 -2.270325
PROF frame=33 mfcc_cycles=0
MFCC frame=34 -63 13 23 2 -25 5 -19 -6 -2 -5
MFCCF frame=34 -31.514509 6.471148 11.329426 1.208707 -12.533504 2.744162 -9.324349 -2.812001 -0.885123 -2.270325
PROF frame=34 mfcc_cycles=0
MFCC frame=35 -63 13 23 2 -25 5 -19 -6 -2 -5
MFCCF frame=35 -31.514509 6.471148 11.329426 1.208707 -12.533504 2.744162 -9.324349 -2.812001 -0.885123 -2.270325
PROF frame=35 mfcc_cycles=0
MFCC frame=36 -63 13 23 2 -25 5 -19 -6 -2 -5
MFCCF frame=36 -31.514509 6.471148 11.329426 1.208707 -12.533504 2.744162 -9.324349 -2.812001 -0.885123 -2.270325
PROF frame=36 mfcc_cycles=0
MFCC frame=37 -63 13 23 2 -25 5 -19 -6 -2 -5
MFCCF frame=37 -31.514509 6.471148 11.329426 1.208707 -12.533504 2.744162 -9.324349 -2.812001 -0.885123 -2.270325
PROF frame=37 mfcc_cycles=0
MFCC frame=38 -63 13 23 2 -25 5 -19 -6 -2 -5
MFCCF frame=38 -31.514509 6.471148 11.329426 1.208707 -12.533504 2.744162 -9.324349 -2.812001 -0.885123 -2.270325
PROF frame=38 mfcc_cycles=0
MFCC frame=39 -63 13 23 2 -25 5 -19 -6 -2 -5
MFCCF frame=39 -31.514509 6.471148 11.329426 1.208707 -12.533504 2.744162 -9.324349 -2.812001 -0.885123 -2.270325
PROF frame=39 mfcc_cycles=0
MFCC frame=40 -63 13 23 2 -25 5 -19 -6 -2 -5
MFCCF frame=40 -31.514509 6.471148 11.329426 1.208707 -12.533504 2.744162 -9.324349 -2.812001 -0.885123 -2.270325
PROF frame=40 mfcc_cycles=0
MFCC frame=41 -63 13 23 2 -25 5 -19 -6 -2 -5
MFCCF frame=41 -31.514509 6.471148 11.329426 1.208707 -12.533504 2.744162 -9.324349 -2.812001 -0.885123 -2.270325
PROF frame=41 mfcc_cycles=0
MFCC frame=42 -63 13 23 2 -25 5 -19 -6 -2 -5
MFCCF frame=42 -31.514509 6.471148 11.329426 1.208707 -12.533504 2.744162 -9.324349 -2.812001 -0.885123 -2.270325
PROF frame=42 mfcc_cycles=0
MFCC frame=43 -63 13 23 2 -25 5 -19 -6 -2 -5
MFCCF frame=43 -31.514509 6.471148 11.329426 1.208707 -12.533504 2.744162 -9.324349 -2.812001 -0.885123 -2.270325
PROF frame=43 mfcc_cycles=0
MFCC frame=44 -63 13 23 2 -25 5 -19 -6 -2 -5
MFCCF frame=44 -31.514509 6.471148 11.329426 1.208707 -12.533504 2.744162 -9.324349 -2.812001 -0.885123 -2.270325
PROF frame=44 mfcc_cycles=0
MFCC frame=45 -63 13 23 2 -25 5 -19 -6 -2 -5
MFCCF frame=45 -31.514509 6.471148 11.329426 1.208707 -12.533504 2.744162 -9.324349 -2.812001 -0.885123 -2.270325
PROF frame=45 mfcc_cycles=0
MFCC frame=46 -63 13 23 2 -25 5 -19 -6 -2 -5
MFCCF frame=46 -31.514509 6.471148 11.329426 1.208707 -12.533504 2.744162 -9.324349 -2.812001 -0.885123 -2.270325
PROF frame=46 mfcc_cycles=0
MFCC frame=47 -63 13 23 2 -25 5 -19 -6 -2 -5
MFCCF frame=47 -31.514509 6.471148 11.329426 1.208707 -12.533504 2.744162 -9.324349 -2.812001 -0.885123 -2.270325
PROF frame=47 mfcc_cycles=0
MFCC frame=48 -63 13 23 2 -25 5 -19 -6 -2 -5
MFCCF frame=48 -31.514509 6.471148 11.329426 1.208707 -12.533504 2.744162 -9.324349 -2.812001 -0.885123 -2.270325
PROF frame=48 mfcc_cycles=0
MFCC frame=49 -63 13 23 2 -25 5 -19 -6 -2 -5
MFCCF frame=49 -31.514509 6.471148 11.329426 1.208707 -12.533504 2.744162 -9.324349 -2.812001 -0.885123 -2.270325
PROF frame=49 mfcc_cycles=0
RESULT infer=1 label=2 score=95 cycles=0
[infer 1] frame=49 t=980ms top1=yes (223) top2=up (10) cycles=0
GOLDEN infer=1 frame=49 logits=-9,-24,26,-23,-5,-16,-15,-26,-23,-48,-19,-46 probs=-121,-126,95,-126,-118,-125,-124,-127,-126,-128,-126,-128 cksum=0c587e4d,bc87b708,1159d1d6,47ded395,a31e3c9a,f47a5278,3442b556,50fdad5a,6ab4e611,ca1e8a1a,07c96dc9
LAYERS infer=1 conv1=0 dw1=0 pw1=0 dw2=0 pw2=0 dw3=0 pw3=0 dw4=0 pw4=0 avgpool=0 fc=0
CTRL ticks=1000 max_latency_cycles=0 avg_latency_cycles=0 seq_cksum=f43e7aa3 last_y=1000 last_u=1018
RUN frames=50 inferences=1 total_cycles=100000000 deadline_us=100000 deadline_miss=0 max_infer_cycles=0 overruns=0
